2025-09-07 01:08:55,822 - auth.scopes - INFO - 39488 - MainThread [scopes.set_enabled_tools:150] - Enabled tools set for scope management: ['gmail', 'drive', 'calendar', 'docs', 'sheets', 'chat', 'forms', 'slides', 'tasks', 'search']
2025-09-07 01:08:56,018 - core.utils - INFO - 39488 - MainThread [utils.check_credentials_directory_permissions:66] - Created credentials directory with proper permissions: C:\Users\jcmei\.google_workspace_mcp\credentials
2025-09-07 01:08:56,024 - auth.oauth_callback_server - INFO - 39488 - MainThread [oauth_callback_server.ensure_oauth_callback_available:207] - Creating minimal OAuth server instance for http://localhost:8000
2025-09-07 01:08:56,024 - auth.oauth_callback_server - INFO - 39488 - MainThread [oauth_callback_server.ensure_oauth_callback_available:211] - Starting minimal OAuth server for stdio mode
2025-09-07 01:08:56,542 - auth.oauth_callback_server - INFO - 39488 - MainThread [oauth_callback_server.start:149] - Minimal OAuth server started on localhost:8000
2025-09-07 01:08:56,543 - auth.oauth_callback_server - INFO - 39488 - MainThread [oauth_callback_server.ensure_oauth_callback_available:214] - Minimal OAuth server successfully started on http://localhost:8000
2025-09-07 01:08:56,580 - mcp.server.lowlevel.server - INFO - 39488 - MainThread [server._handle_request:624] - Processing request of type ListToolsRequest
2025-09-07 01:08:56,583 - mcp.server.lowlevel.server - INFO - 39488 - MainThread [server._handle_request:624] - Processing request of type ListPromptsRequest
2025-09-07 01:08:56,585 - mcp.server.lowlevel.server - INFO - 39488 - MainThread [server._handle_request:624] - Processing request of type ListResourcesRequest
2025-09-07 01:11:30,477 - auth.scopes - INFO - 42404 - MainThread [scopes.set_enabled_tools:150] - Enabled tools set for scope management: ['gmail', 'drive', 'calendar', 'docs', 'sheets', 'chat', 'forms', 'slides', 'tasks', 'search']
2025-09-07 01:11:30,479 - auth.scopes - INFO - 19968 - MainThread [scopes.set_enabled_tools:150] - Enabled tools set for scope management: ['gmail', 'drive', 'calendar', 'docs', 'sheets', 'chat', 'forms', 'slides', 'tasks', 'search']
2025-09-07 01:11:30,563 - core.utils - INFO - 42404 - MainThread [utils.check_credentials_directory_permissions:50] - Credentials directory permissions check passed: C:\Users\jcmei\.google_workspace_mcp\credentials
2025-09-07 01:11:30,566 - auth.oauth_callback_server - INFO - 42404 - MainThread [oauth_callback_server.ensure_oauth_callback_available:207] - Creating minimal OAuth server instance for http://localhost:8000
2025-09-07 01:11:30,566 - core.utils - INFO - 19968 - MainThread [utils.check_credentials_directory_permissions:50] - Credentials directory permissions check passed: C:\Users\jcmei\.google_workspace_mcp\credentials
2025-09-07 01:11:30,566 - auth.oauth_callback_server - INFO - 42404 - MainThread [oauth_callback_server.ensure_oauth_callback_available:211] - Starting minimal OAuth server for stdio mode
2025-09-07 01:11:30,566 - auth.oauth_callback_server - INFO - 19968 - MainThread [oauth_callback_server.ensure_oauth_callback_available:207] - Creating minimal OAuth server instance for http://localhost:8000
2025-09-07 01:11:30,566 - auth.oauth_callback_server - INFO - 19968 - MainThread [oauth_callback_server.ensure_oauth_callback_available:211] - Starting minimal OAuth server for stdio mode
2025-09-07 01:11:31,071 - auth.oauth_callback_server - INFO - 42404 - MainThread [oauth_callback_server.start:149] - Minimal OAuth server started on localhost:8000
2025-09-07 01:11:31,071 - auth.oauth_callback_server - INFO - 19968 - MainThread [oauth_callback_server.start:149] - Minimal OAuth server started on localhost:8000
2025-09-07 01:11:31,072 - auth.oauth_callback_server - INFO - 42404 - MainThread [oauth_callback_server.ensure_oauth_callback_available:214] - Minimal OAuth server successfully started on http://localhost:8000
2025-09-07 01:11:31,072 - auth.oauth_callback_server - INFO - 19968 - MainThread [oauth_callback_server.ensure_oauth_callback_available:214] - Minimal OAuth server successfully started on http://localhost:8000
2025-09-07 01:11:31,091 - mcp.server.lowlevel.server - INFO - 19968 - MainThread [server._handle_request:624] - Processing request of type ListToolsRequest
2025-09-07 01:11:31,095 - mcp.server.lowlevel.server - INFO - 19968 - MainThread [server._handle_request:624] - Processing request of type ListPromptsRequest
2025-09-07 01:11:31,097 - mcp.server.lowlevel.server - INFO - 19968 - MainThread [server._handle_request:624] - Processing request of type ListResourcesRequest
2025-09-07 01:11:31,101 - mcp.server.lowlevel.server - INFO - 42404 - MainThread [server._handle_request:624] - Processing request of type ListToolsRequest
2025-09-07 01:11:31,104 - mcp.server.lowlevel.server - INFO - 42404 - MainThread [server._handle_request:624] - Processing request of type ListPromptsRequest
2025-09-07 01:11:31,105 - mcp.server.lowlevel.server - INFO - 42404 - MainThread [server._handle_request:624] - Processing request of type ListResourcesRequest
2025-09-07 01:14:30,838 - mcp.server.lowlevel.server - INFO - 42404 - MainThread [server._handle_request:624] - Processing request of type CallToolRequest
2025-09-07 01:14:30,841 - auth.google_auth - INFO - 42404 - MainThread [google_auth.load_client_secrets_from_env:194] - Loaded OAuth client credentials from environment variables
2025-09-07 01:14:30,841 - auth.google_auth - INFO - 42404 - MainThread [google_auth.start_auth_flow:332] - [start_auth_flow] Initiating auth for gmail for 'jcmeijers@gmail.com' with scopes for enabled tools.
2025-09-07 01:14:30,841 - auth.google_auth - INFO - 42404 - MainThread [google_auth.load_client_secrets_from_env:194] - Loaded OAuth client credentials from environment variables
2025-09-07 01:14:30,842 - auth.google_auth - INFO - 42404 - MainThread [google_auth.start_auth_flow:356] - Auth flow started for gmail for 'jcmeijers@gmail.com'. State: 140ad6f9618eef01f528c844c45ed516. Advise user to visit: https://accounts.google.com/o/oauth2/auth?response_type=code&client_id=your-client-257177956899-tug829mv65e3uo8q5od70ig2fscmvqpu.apps.googleusercontent.comid.apps.googleusercontent.com&redirect_uri=http%3A%2F%2Flocalhost%3A8000%2Foauth2callback&scope=https%3A%2F%2Fwww.googleapis.com%2Fauth%2Fforms.body.readonly+https%3A%2F%2Fwww.googleapis.com%2Fauth%2Fdocuments.readonly+https%3A%2F%2Fwww.googleapis.com%2Fauth%2Fcalendar.readonly+https%3A%2F%2Fwww.googleapis.com%2Fauth%2Fgmail.send+https%3A%2F%2Fwww.googleapis.com%2Fauth%2Fforms.responses.readonly+https%3A%2F%2Fwww.googleapis.com%2Fauth%2Fuserinfo.profile+https%3A%2F%2Fwww.googleapis.com%2Fauth%2Fgmail.compose+https%3A%2F%2Fwww.googleapis.com%2Fauth%2Fpresentations+openid+https%3A%2F%2Fwww.googleapis.com%2Fauth%2Fgmail.modify+https%3A%2F%2Fwww.googleapis.com%2Fauth%2Fspreadsheets+https%3A%2F%2Fwww.googleapis.com%2Fauth%2Fgmail.readonly+https%3A%2F%2Fwww.googleapis.com%2Fauth%2Ftasks.readonly+https%3A%2F%2Fwww.googleapis.com%2Fauth%2Fforms.body+https%3A%2F%2Fwww.googleapis.com%2Fauth%2Fspreadsheets.readonly+https%3A%2F%2Fwww.googleapis.com%2Fauth%2Fuserinfo.email+https%3A%2F%2Fwww.googleapis.com%2Fauth%2Fcalendar.events+https%3A%2F%2Fwww.googleapis.com%2Fauth%2Fchat.spaces+https%3A%2F%2Fwww.googleapis.com%2Fauth%2Fdrive.file+https%3A%2F%2Fwww.googleapis.com%2Fauth%2Fchat.messages.readonly+https%3A%2F%2Fwww.googleapis.com%2Fauth%2Fgmail.labels+https%3A%2F%2Fwww.googleapis.com%2Fauth%2Fdrive.readonly+https%3A%2F%2Fwww.googleapis.com%2Fauth%2Fdrive+https%3A%2F%2Fwww.googleapis.com%2Fauth%2Fchat.messages+https%3A%2F%2Fwww.googleapis.com%2Fauth%2Ftasks+https%3A%2F%2Fwww.googleapis.com%2Fauth%2Fcse+https%3A%2F%2Fwww.googleapis.com%2Fauth%2Fpresentations.readonly+https%3A%2F%2Fwww.googleapis.com%2Fauth%2Fdocuments+https%3A%2F%2Fwww.googleapis.com%2Fauth%2Fcalendar&state=140ad6f9618eef01f528c844c45ed516&access_type=offline&prompt=consent
2025-09-07 01:22:12,075 - mcp.server.lowlevel.server - INFO - 42404 - MainThread [server._handle_request:624] - Processing request of type CallToolRequest
2025-09-07 01:22:12,076 - auth.google_auth - INFO - 42404 - MainThread [google_auth.load_client_secrets_from_env:194] - Loaded OAuth client credentials from environment variables
2025-09-07 01:22:12,076 - auth.google_auth - INFO - 42404 - MainThread [google_auth.start_auth_flow:332] - [start_auth_flow] Initiating auth for gmail for 'jcmeijers@gmail.com' with scopes for enabled tools.
2025-09-07 01:22:12,076 - auth.google_auth - INFO - 42404 - MainThread [google_auth.load_client_secrets_from_env:194] - Loaded OAuth client credentials from environment variables
2025-09-07 01:22:12,077 - auth.google_auth - INFO - 42404 - MainThread [google_auth.start_auth_flow:356] - Auth flow started for gmail for 'jcmeijers@gmail.com'. State: 698d352f06c0f97925f75524700ee5ad. Advise user to visit: https://accounts.google.com/o/oauth2/auth?response_type=code&client_id=your-client-257177956899-tug829mv65e3uo8q5od70ig2fscmvqpu.apps.googleusercontent.comid.apps.googleusercontent.com&redirect_uri=http%3A%2F%2Flocalhost%3A8000%2Foauth2callback&scope=https%3A%2F%2Fwww.googleapis.com%2Fauth%2Fforms.body.readonly+https%3A%2F%2Fwww.googleapis.com%2Fauth%2Fdocuments.readonly+https%3A%2F%2Fwww.googleapis.com%2Fauth%2Fcalendar.readonly+https%3A%2F%2Fwww.googleapis.com%2Fauth%2Fgmail.send+https%3A%2F%2Fwww.googleapis.com%2Fauth%2Fforms.responses.readonly+https%3A%2F%2Fwww.googleapis.com%2Fauth%2Fuserinfo.profile+https%3A%2F%2Fwww.googleapis.com%2Fauth%2Fgmail.compose+https%3A%2F%2Fwww.googleapis.com%2Fauth%2Fpresentations+openid+https%3A%2F%2Fwww.googleapis.com%2Fauth%2Fgmail.modify+https%3A%2F%2Fwww.googleapis.com%2Fauth%2Fspreadsheets+https%3A%2F%2Fwww.googleapis.com%2Fauth%2Fgmail.readonly+https%3A%2F%2Fwww.googleapis.com%2Fauth%2Ftasks.readonly+https%3A%2F%2Fwww.googleapis.com%2Fauth%2Fforms.body+https%3A%2F%2Fwww.googleapis.com%2Fauth%2Fspreadsheets.readonly+https%3A%2F%2Fwww.googleapis.com%2Fauth%2Fuserinfo.email+https%3A%2F%2Fwww.googleapis.com%2Fauth%2Fcalendar.events+https%3A%2F%2Fwww.googleapis.com%2Fauth%2Fchat.spaces+https%3A%2F%2Fwww.googleapis.com%2Fauth%2Fdrive.file+https%3A%2F%2Fwww.googleapis.com%2Fauth%2Fchat.messages.readonly+https%3A%2F%2Fwww.googleapis.com%2Fauth%2Fgmail.labels+https%3A%2F%2Fwww.googleapis.com%2Fauth%2Fdrive.readonly+https%3A%2F%2Fwww.googleapis.com%2Fauth%2Fdrive+https%3A%2F%2Fwww.googleapis.com%2Fauth%2Fchat.messages+https%3A%2F%2Fwww.googleapis.com%2Fauth%2Ftasks+https%3A%2F%2Fwww.googleapis.com%2Fauth%2Fcse+https%3A%2F%2Fwww.googleapis.com%2Fauth%2Fpresentations.readonly+https%3A%2F%2Fwww.googleapis.com%2Fauth%2Fdocuments+https%3A%2F%2Fwww.googleapis.com%2Fauth%2Fcalendar&state=698d352f06c0f97925f75524700ee5ad&access_type=offline&prompt=consent
2025-09-07 01:26:34,398 - auth.scopes - INFO - 42372 - MainThread [scopes.set_enabled_tools:150] - Enabled tools set for scope management: ['gmail', 'drive', 'calendar', 'docs', 'sheets', 'chat', 'forms', 'slides', 'tasks', 'search']
2025-09-07 01:26:34,412 - auth.scopes - INFO - 11800 - MainThread [scopes.set_enabled_tools:150] - Enabled tools set for scope management: ['gmail', 'drive', 'calendar', 'docs', 'sheets', 'chat', 'forms', 'slides', 'tasks', 'search']
2025-09-07 01:26:34,481 - core.utils - INFO - 42372 - MainThread [utils.check_credentials_directory_permissions:50] - Credentials directory permissions check passed: C:\Users\jcmei\.google_workspace_mcp\credentials
2025-09-07 01:26:34,483 - auth.oauth_callback_server - INFO - 42372 - MainThread [oauth_callback_server.ensure_oauth_callback_available:207] - Creating minimal OAuth server instance for http://localhost:8000
2025-09-07 01:26:34,484 - auth.oauth_callback_server - INFO - 42372 - MainThread [oauth_callback_server.ensure_oauth_callback_available:211] - Starting minimal OAuth server for stdio mode
2025-09-07 01:26:34,494 - core.utils - INFO - 11800 - MainThread [utils.check_credentials_directory_permissions:50] - Credentials directory permissions check passed: C:\Users\jcmei\.google_workspace_mcp\credentials
2025-09-07 01:26:34,496 - auth.oauth_callback_server - INFO - 11800 - MainThread [oauth_callback_server.ensure_oauth_callback_available:207] - Creating minimal OAuth server instance for http://localhost:8000
2025-09-07 01:26:34,496 - auth.oauth_callback_server - INFO - 11800 - MainThread [oauth_callback_server.ensure_oauth_callback_available:211] - Starting minimal OAuth server for stdio mode
2025-09-07 01:26:34,993 - auth.oauth_callback_server - INFO - 42372 - MainThread [oauth_callback_server.start:149] - Minimal OAuth server started on localhost:8000
2025-09-07 01:26:34,993 - auth.oauth_callback_server - INFO - 42372 - MainThread [oauth_callback_server.ensure_oauth_callback_available:214] - Minimal OAuth server successfully started on http://localhost:8000
2025-09-07 01:26:35,008 - auth.oauth_callback_server - INFO - 11800 - MainThread [oauth_callback_server.start:149] - Minimal OAuth server started on localhost:8000
2025-09-07 01:26:35,008 - auth.oauth_callback_server - INFO - 11800 - MainThread [oauth_callback_server.ensure_oauth_callback_available:214] - Minimal OAuth server successfully started on http://localhost:8000
2025-09-07 01:26:35,009 - mcp.server.lowlevel.server - INFO - 42372 - MainThread [server._handle_request:624] - Processing request of type ListToolsRequest
2025-09-07 01:26:35,012 - mcp.server.lowlevel.server - INFO - 42372 - MainThread [server._handle_request:624] - Processing request of type ListPromptsRequest
2025-09-07 01:26:35,013 - mcp.server.lowlevel.server - INFO - 42372 - MainThread [server._handle_request:624] - Processing request of type ListResourcesRequest
2025-09-07 01:26:35,063 - mcp.server.lowlevel.server - INFO - 11800 - MainThread [server._handle_request:624] - Processing request of type ListToolsRequest
2025-09-07 01:26:35,066 - mcp.server.lowlevel.server - INFO - 11800 - MainThread [server._handle_request:624] - Processing request of type ListPromptsRequest
2025-09-07 01:26:35,067 - mcp.server.lowlevel.server - INFO - 11800 - MainThread [server._handle_request:624] - Processing request of type ListResourcesRequest
2025-09-07 01:28:00,901 - mcp.server.lowlevel.server - INFO - 11800 - MainThread [server._handle_request:624] - Processing request of type CallToolRequest
2025-09-07 01:28:00,902 - auth.google_auth - INFO - 11800 - MainThread [google_auth.load_client_secrets_from_env:194] - Loaded OAuth client credentials from environment variables
2025-09-07 01:28:00,903 - auth.google_auth - INFO - 11800 - MainThread [google_auth.start_auth_flow:332] - [start_auth_flow] Initiating auth for gmail for 'jcmeijers@gmail.com' with scopes for enabled tools.
2025-09-07 01:28:00,903 - auth.google_auth - INFO - 11800 - MainThread [google_auth.load_client_secrets_from_env:194] - Loaded OAuth client credentials from environment variables
2025-09-07 01:28:00,903 - auth.google_auth - INFO - 11800 - MainThread [google_auth.start_auth_flow:356] - Auth flow started for gmail for 'jcmeijers@gmail.com'. State: beaf9fba5c989170fa088a131a62be98. Advise user to visit: https://accounts.google.com/o/oauth2/auth?response_type=code&client_id=257177956899-tug829mv65e3uo8q5od70ig2fscmvqpu.apps.googleusercontent.com&redirect_uri=http%3A%2F%2Flocalhost%3A8000%2Foauth2callback&scope=https%3A%2F%2Fwww.googleapis.com%2Fauth%2Fgmail.modify+https%3A%2F%2Fwww.googleapis.com%2Fauth%2Fpresentations.readonly+https%3A%2F%2Fwww.googleapis.com%2Fauth%2Fdrive.readonly+https%3A%2F%2Fwww.googleapis.com%2Fauth%2Fcse+https%3A%2F%2Fwww.googleapis.com%2Fauth%2Fdocuments.readonly+https%3A%2F%2Fwww.googleapis.com%2Fauth%2Fuserinfo.email+https%3A%2F%2Fwww.googleapis.com%2Fauth%2Fforms.body+https%3A%2F%2Fwww.googleapis.com%2Fauth%2Fforms.body.readonly+https%3A%2F%2Fwww.googleapis.com%2Fauth%2Fcalendar.readonly+https%3A%2F%2Fwww.googleapis.com%2Fauth%2Fforms.responses.readonly+https%3A%2F%2Fwww.googleapis.com%2Fauth%2Fpresentations+https%3A%2F%2Fwww.googleapis.com%2Fauth%2Fcalendar+https%3A%2F%2Fwww.googleapis.com%2Fauth%2Fcalendar.events+https%3A%2F%2Fwww.googleapis.com%2Fauth%2Fdocuments+https%3A%2F%2Fwww.googleapis.com%2Fauth%2Fspreadsheets.readonly+https%3A%2F%2Fwww.googleapis.com%2Fauth%2Fgmail.readonly+https%3A%2F%2Fwww.googleapis.com%2Fauth%2Fchat.messages+https%3A%2F%2Fwww.googleapis.com%2Fauth%2Fgmail.compose+https%3A%2F%2Fwww.googleapis.com%2Fauth%2Fgmail.labels+https%3A%2F%2Fwww.googleapis.com%2Fauth%2Fdrive.file+https%3A%2F%2Fwww.googleapis.com%2Fauth%2Fdrive+https%3A%2F%2Fwww.googleapis.com%2Fauth%2Fchat.spaces+https%3A%2F%2Fwww.googleapis.com%2Fauth%2Ftasks+https%3A%2F%2Fwww.googleapis.com%2Fauth%2Fspreadsheets+https%3A%2F%2Fwww.googleapis.com%2Fauth%2Ftasks.readonly+https%3A%2F%2Fwww.googleapis.com%2Fauth%2Fchat.messages.readonly+openid+https%3A%2F%2Fwww.googleapis.com%2Fauth%2Fuserinfo.profile+https%3A%2F%2Fwww.googleapis.com%2Fauth%2Fgmail.send&state=beaf9fba5c989170fa088a131a62be98&access_type=offline&prompt=consent
2025-09-07 01:30:25,593 - auth.google_auth - INFO - 42372 - Thread-1 (run_server) [google_auth.load_client_secrets_from_env:194] - Loaded OAuth client credentials from environment variables
2025-09-07 01:30:25,594 - auth.oauth_callback_server - INFO - 42372 - Thread-1 (run_server) [oauth_callback_server.oauth_callback:69] - OAuth callback: Received code (state: beaf9fba5c989170fa088a131a62be98). Attempting to exchange for tokens.
2025-09-07 01:30:25,594 - auth.google_auth - INFO - 42372 - Thread-1 (run_server) [google_auth.load_client_secrets_from_env:194] - Loaded OAuth client credentials from environment variables
2025-09-07 01:30:25,778 - auth.google_auth - INFO - 42372 - Thread-1 (run_server) [google_auth.handle_auth_callback:453] - Successfully exchanged authorization code for tokens.
2025-09-07 01:30:26,195 - auth.google_auth - INFO - 42372 - Thread-1 (run_server) [google_auth.get_user_info:724] - Successfully fetched user info: jcmeijers@gmail.com
2025-09-07 01:30:26,195 - auth.google_auth - INFO - 42372 - Thread-1 (run_server) [google_auth.handle_auth_callback:462] - Identified user_google_email: jcmeijers@gmail.com
2025-09-07 01:30:26,195 - auth.credential_store - INFO - 42372 - Thread-1 (run_server) [credential_store.__init__:99] - LocalJsonCredentialStore initialized with base_dir: C:\Users\jcmei\.google_workspace_mcp\credentials
2025-09-07 01:30:26,195 - auth.credential_store - INFO - 42372 - Thread-1 (run_server) [credential_store.get_credential_store:232] - Initialized credential store: LocalDirectoryCredentialStore
2025-09-07 01:30:26,195 - auth.credential_store - INFO - 42372 - Thread-1 (run_server) [credential_store.store_credential:167] - Stored credentials for jcmeijers@gmail.com to C:\Users\jcmei\.google_workspace_mcp\credentials\jcmeijers@gmail.com.json
2025-09-07 01:30:26,195 - auth.oauth21_session_store - INFO - 42372 - Thread-1 (run_server) [oauth21_session_store.store_session:219] - Stored OAuth 2.1 session for jcmeijers@gmail.com (session_id: None)
2025-09-07 01:30:26,195 - auth.oauth_callback_server - INFO - 42372 - Thread-1 (run_server) [oauth_callback_server.oauth_callback:82] - OAuth callback: Successfully authenticated user: jcmeijers@gmail.com (state: beaf9fba5c989170fa088a131a62be98).
2025-09-07 01:30:52,008 - mcp.server.lowlevel.server - INFO - 11800 - MainThread [server._handle_request:624] - Processing request of type CallToolRequest
2025-09-07 01:30:52,009 - auth.google_auth - INFO - 11800 - MainThread [google_auth.get_authenticated_google_service:802] - [list_calendars] Attempting to get authenticated calendar service. Email: 'jcmeijers@gmail.com', Session: 'e2d1cec1-f4f0-4d38-bd59-1c60bd20191e'
2025-09-07 01:30:52,010 - auth.credential_store - INFO - 11800 - asyncio_0 [credential_store.__init__:99] - LocalJsonCredentialStore initialized with base_dir: C:\Users\jcmei\.google_workspace_mcp\credentials
2025-09-07 01:30:52,010 - auth.credential_store - INFO - 11800 - asyncio_0 [credential_store.get_credential_store:232] - Initialized credential store: LocalDirectoryCredentialStore
2025-09-07 01:30:52,046 - auth.google_auth - WARNING - 11800 - asyncio_0 [google_auth.save_credentials_to_session:142] - Could not save credentials to session store - no user email found for session: e2d1cec1-f4f0-4d38-bd59-1c60bd20191e
2025-09-07 01:30:52,051 - auth.google_auth - INFO - 11800 - MainThread [google_auth.get_authenticated_google_service:866] - [list_calendars] Successfully authenticated calendar service for user: jcmeijers@gmail.com
2025-09-07 01:30:52,051 - gcalendar.calendar_tools - INFO - 11800 - MainThread [calendar_tools.list_calendars:172] - [list_calendars] Invoked. Email: 'jcmeijers@gmail.com'
2025-09-07 01:30:52,736 - gcalendar.calendar_tools - INFO - 11800 - MainThread [calendar_tools.list_calendars:189] - Successfully listed 4 calendars for jcmeijers@gmail.com.
2025-09-07 01:38:06,377 - auth.scopes - INFO - 27032 - MainThread [scopes.set_enabled_tools:150] - Enabled tools set for scope management: ['gmail', 'drive', 'calendar', 'docs', 'sheets', 'chat', 'forms', 'slides', 'tasks', 'search']
2025-09-07 01:38:06,379 - auth.scopes - INFO - 21912 - MainThread [scopes.set_enabled_tools:150] - Enabled tools set for scope management: ['gmail', 'drive', 'calendar', 'docs', 'sheets', 'chat', 'forms', 'slides', 'tasks', 'search']
2025-09-07 01:38:06,466 - core.utils - INFO - 21912 - MainThread [utils.check_credentials_directory_permissions:50] - Credentials directory permissions check passed: C:\Users\jcmei\.google_workspace_mcp\credentials
2025-09-07 01:38:06,468 - auth.oauth_callback_server - INFO - 21912 - MainThread [oauth_callback_server.ensure_oauth_callback_available:207] - Creating minimal OAuth server instance for http://localhost:8000
2025-09-07 01:38:06,468 - core.utils - INFO - 27032 - MainThread [utils.check_credentials_directory_permissions:50] - Credentials directory permissions check passed: C:\Users\jcmei\.google_workspace_mcp\credentials
2025-09-07 01:38:06,468 - auth.oauth_callback_server - INFO - 21912 - MainThread [oauth_callback_server.ensure_oauth_callback_available:211] - Starting minimal OAuth server for stdio mode
2025-09-07 01:38:06,471 - auth.oauth_callback_server - INFO - 27032 - MainThread [oauth_callback_server.ensure_oauth_callback_available:207] - Creating minimal OAuth server instance for http://localhost:8000
2025-09-07 01:38:06,471 - auth.oauth_callback_server - INFO - 27032 - MainThread [oauth_callback_server.ensure_oauth_callback_available:211] - Starting minimal OAuth server for stdio mode
2025-09-07 01:38:06,977 - auth.oauth_callback_server - INFO - 21912 - MainThread [oauth_callback_server.start:149] - Minimal OAuth server started on localhost:8000
2025-09-07 01:38:06,978 - auth.oauth_callback_server - INFO - 21912 - MainThread [oauth_callback_server.ensure_oauth_callback_available:214] - Minimal OAuth server successfully started on http://localhost:8000
2025-09-07 01:38:06,978 - auth.oauth_callback_server - INFO - 27032 - MainThread [oauth_callback_server.start:149] - Minimal OAuth server started on localhost:8000
2025-09-07 01:38:06,978 - auth.oauth_callback_server - INFO - 27032 - MainThread [oauth_callback_server.ensure_oauth_callback_available:214] - Minimal OAuth server successfully started on http://localhost:8000
2025-09-07 01:38:06,995 - mcp.server.lowlevel.server - INFO - 21912 - MainThread [server._handle_request:624] - Processing request of type ListToolsRequest
2025-09-07 01:38:06,995 - mcp.server.lowlevel.server - INFO - 21912 - MainThread [server._handle_request:624] - Processing request of type ListPromptsRequest
2025-09-07 01:38:06,995 - mcp.server.lowlevel.server - INFO - 21912 - MainThread [server._handle_request:624] - Processing request of type ListResourcesRequest
2025-09-07 01:38:07,003 - mcp.server.lowlevel.server - INFO - 27032 - MainThread [server._handle_request:624] - Processing request of type ListToolsRequest
2025-09-07 01:38:07,003 - mcp.server.lowlevel.server - INFO - 27032 - MainThread [server._handle_request:624] - Processing request of type ListPromptsRequest
2025-09-07 01:38:07,011 - mcp.server.lowlevel.server - INFO - 27032 - MainThread [server._handle_request:624] - Processing request of type ListResourcesRequest
2025-09-07 01:39:50,306 - mcp.server.lowlevel.server - INFO - 27032 - MainThread [server._handle_request:624] - Processing request of type CallToolRequest
2025-09-07 01:39:50,316 - auth.google_auth - INFO - 27032 - MainThread [google_auth.get_authenticated_google_service:802] - [create_event] Attempting to get authenticated calendar service. Email: 'jcmeijers@gmail.com', Session: 'ae6c0f05-9afc-49f0-b976-2c7a5e49e2d2'
2025-09-07 01:39:50,317 - auth.credential_store - INFO - 27032 - asyncio_0 [credential_store.__init__:99] - LocalJsonCredentialStore initialized with base_dir: C:\Users\jcmei\.google_workspace_mcp\credentials
2025-09-07 01:39:50,317 - auth.credential_store - INFO - 27032 - asyncio_0 [credential_store.get_credential_store:232] - Initialized credential store: LocalDirectoryCredentialStore
2025-09-07 01:39:50,318 - auth.google_auth - WARNING - 27032 - asyncio_0 [google_auth.save_credentials_to_session:142] - Could not save credentials to session store - no user email found for session: ae6c0f05-9afc-49f0-b976-2c7a5e49e2d2
2025-09-07 01:39:50,321 - auth.google_auth - INFO - 27032 - MainThread [google_auth.get_authenticated_google_service:866] - [create_event] Successfully authenticated calendar service for user: jcmeijers@gmail.com
2025-09-07 01:39:50,321 - gcalendar.calendar_tools - INFO - 27032 - MainThread [calendar_tools.create_event:395] - [create_event] Invoked. Email: 'jcmeijers@gmail.com', Summary: COLOR TEST 1
2025-09-07 01:39:50,321 - gcalendar.calendar_tools - INFO - 27032 - MainThread [calendar_tools.create_event:398] - [create_event] Incoming attachments param: None
2025-09-07 01:39:50,994 - gcalendar.calendar_tools - INFO - 27032 - MainThread [calendar_tools.create_event:527] - Event created successfully for jcmeijers@gmail.com. ID: g7fbuvriedfdv38sq359j96ag4, Link: https://www.google.com/calendar/event?eid=ZzdmYnV2cmllZGZkdjM4c3EzNTlqOTZhZzQgbGl2YW1idkBt
2025-09-07 01:39:58,600 - mcp.server.lowlevel.server - INFO - 27032 - MainThread [server._handle_request:624] - Processing request of type CallToolRequest
2025-09-07 01:39:58,606 - auth.google_auth - INFO - 27032 - MainThread [google_auth.get_authenticated_google_service:802] - [create_event] Attempting to get authenticated calendar service. Email: 'jcmeijers@gmail.com', Session: 'ae6c0f05-9afc-49f0-b976-2c7a5e49e2d2'
2025-09-07 01:39:58,606 - auth.google_auth - WARNING - 27032 - asyncio_0 [google_auth.save_credentials_to_session:142] - Could not save credentials to session store - no user email found for session: ae6c0f05-9afc-49f0-b976-2c7a5e49e2d2
2025-09-07 01:39:58,609 - auth.google_auth - INFO - 27032 - MainThread [google_auth.get_authenticated_google_service:866] - [create_event] Successfully authenticated calendar service for user: jcmeijers@gmail.com
2025-09-07 01:39:58,609 - gcalendar.calendar_tools - INFO - 27032 - MainThread [calendar_tools.create_event:395] - [create_event] Invoked. Email: 'jcmeijers@gmail.com', Summary: COLOR TEST 2
2025-09-07 01:39:58,609 - gcalendar.calendar_tools - INFO - 27032 - MainThread [calendar_tools.create_event:398] - [create_event] Incoming attachments param: None
2025-09-07 01:39:59,098 - gcalendar.calendar_tools - INFO - 27032 - MainThread [calendar_tools.create_event:527] - Event created successfully for jcmeijers@gmail.com. ID: 9k44qaoli3td4kk533o6taj4j4, Link: https://www.google.com/calendar/event?eid=OWs0NHFhb2xpM3RkNGtrNTMzbzZ0YWo0ajQgbGl2YW1idkBt
2025-09-07 01:40:04,120 - mcp.server.lowlevel.server - INFO - 27032 - MainThread [server._handle_request:624] - Processing request of type CallToolRequest
2025-09-07 01:40:04,128 - auth.google_auth - INFO - 27032 - MainThread [google_auth.get_authenticated_google_service:802] - [create_event] Attempting to get authenticated calendar service. Email: 'jcmeijers@gmail.com', Session: 'ae6c0f05-9afc-49f0-b976-2c7a5e49e2d2'
2025-09-07 01:40:04,129 - auth.google_auth - WARNING - 27032 - asyncio_0 [google_auth.save_credentials_to_session:142] - Could not save credentials to session store - no user email found for session: ae6c0f05-9afc-49f0-b976-2c7a5e49e2d2
2025-09-07 01:40:04,132 - auth.google_auth - INFO - 27032 - MainThread [google_auth.get_authenticated_google_service:866] - [create_event] Successfully authenticated calendar service for user: jcmeijers@gmail.com
2025-09-07 01:40:04,132 - gcalendar.calendar_tools - INFO - 27032 - MainThread [calendar_tools.create_event:395] - [create_event] Invoked. Email: 'jcmeijers@gmail.com', Summary: COLOR TEST 3
2025-09-07 01:40:04,132 - gcalendar.calendar_tools - INFO - 27032 - MainThread [calendar_tools.create_event:398] - [create_event] Incoming attachments param: None
2025-09-07 01:40:04,638 - gcalendar.calendar_tools - INFO - 27032 - MainThread [calendar_tools.create_event:527] - Event created successfully for jcmeijers@gmail.com. ID: rk63vokdcp1kiebc7hd5kk42hc, Link: https://www.google.com/calendar/event?eid=cms2M3Zva2RjcDFraWViYzdoZDVrazQyaGMgbGl2YW1idkBt
2025-09-07 01:40:09,986 - mcp.server.lowlevel.server - INFO - 27032 - MainThread [server._handle_request:624] - Processing request of type CallToolRequest
2025-09-07 01:40:09,995 - auth.google_auth - INFO - 27032 - MainThread [google_auth.get_authenticated_google_service:802] - [create_event] Attempting to get authenticated calendar service. Email: 'jcmeijers@gmail.com', Session: 'ae6c0f05-9afc-49f0-b976-2c7a5e49e2d2'
2025-09-07 01:40:09,995 - auth.google_auth - WARNING - 27032 - asyncio_0 [google_auth.save_credentials_to_session:142] - Could not save credentials to session store - no user email found for session: ae6c0f05-9afc-49f0-b976-2c7a5e49e2d2
2025-09-07 01:40:10,000 - auth.google_auth - INFO - 27032 - MainThread [google_auth.get_authenticated_google_service:866] - [create_event] Successfully authenticated calendar service for user: jcmeijers@gmail.com
2025-09-07 01:40:10,000 - gcalendar.calendar_tools - INFO - 27032 - MainThread [calendar_tools.create_event:395] - [create_event] Invoked. Email: 'jcmeijers@gmail.com', Summary: COLOR TEST 5
2025-09-07 01:40:10,000 - gcalendar.calendar_tools - INFO - 27032 - MainThread [calendar_tools.create_event:398] - [create_event] Incoming attachments param: None
2025-09-07 01:40:10,504 - gcalendar.calendar_tools - INFO - 27032 - MainThread [calendar_tools.create_event:527] - Event created successfully for jcmeijers@gmail.com. ID: 5vopf3ss7ql6q5v6kd4bmffb24, Link: https://www.google.com/calendar/event?eid=NXZvcGYzc3M3cWw2cTV2NmtkNGJtZmZiMjQgbGl2YW1idkBt
2025-09-07 01:40:17,471 - mcp.server.lowlevel.server - INFO - 27032 - MainThread [server._handle_request:624] - Processing request of type CallToolRequest
2025-09-07 01:40:17,480 - auth.google_auth - INFO - 27032 - MainThread [google_auth.get_authenticated_google_service:802] - [create_event] Attempting to get authenticated calendar service. Email: 'jcmeijers@gmail.com', Session: 'ae6c0f05-9afc-49f0-b976-2c7a5e49e2d2'
2025-09-07 01:40:17,481 - auth.google_auth - WARNING - 27032 - asyncio_0 [google_auth.save_credentials_to_session:142] - Could not save credentials to session store - no user email found for session: ae6c0f05-9afc-49f0-b976-2c7a5e49e2d2
2025-09-07 01:40:17,486 - auth.google_auth - INFO - 27032 - MainThread [google_auth.get_authenticated_google_service:866] - [create_event] Successfully authenticated calendar service for user: jcmeijers@gmail.com
2025-09-07 01:40:17,486 - gcalendar.calendar_tools - INFO - 27032 - MainThread [calendar_tools.create_event:395] - [create_event] Invoked. Email: 'jcmeijers@gmail.com', Summary: COLOR TEST 9
2025-09-07 01:40:17,486 - gcalendar.calendar_tools - INFO - 27032 - MainThread [calendar_tools.create_event:398] - [create_event] Incoming attachments param: None
2025-09-07 01:40:18,006 - gcalendar.calendar_tools - INFO - 27032 - MainThread [calendar_tools.create_event:527] - Event created successfully for jcmeijers@gmail.com. ID: s737efkohtgnfreklrnlgenq04, Link: https://www.google.com/calendar/event?eid=czczN2Vma29odGduZnJla2xybmxnZW5xMDQgbGl2YW1idkBt
2025-09-07 01:41:20,390 - mcp.server.lowlevel.server - INFO - 27032 - MainThread [server._handle_request:624] - Processing request of type CallToolRequest
2025-09-07 01:41:20,398 - auth.google_auth - INFO - 27032 - MainThread [google_auth.get_authenticated_google_service:802] - [get_events] Attempting to get authenticated calendar service. Email: 'jcmeijers@gmail.com', Session: 'ae6c0f05-9afc-49f0-b976-2c7a5e49e2d2'
2025-09-07 01:41:20,399 - auth.google_auth - WARNING - 27032 - asyncio_0 [google_auth.save_credentials_to_session:142] - Could not save credentials to session store - no user email found for session: ae6c0f05-9afc-49f0-b976-2c7a5e49e2d2
2025-09-07 01:41:20,402 - auth.google_auth - INFO - 27032 - MainThread [google_auth.get_authenticated_google_service:866] - [get_events] Successfully authenticated calendar service for user: jcmeijers@gmail.com
2025-09-07 01:41:20,403 - gcalendar.calendar_tools - INFO - 27032 - MainThread [calendar_tools.get_events:224] - [get_events] Raw parameters - event_id: 'None', time_min: '2025-01-08T14:00:00Z', time_max: '2025-01-08T16:00:00Z', query: 'None', detailed: False
2025-09-07 01:41:20,403 - gcalendar.calendar_tools - INFO - 27032 - MainThread [calendar_tools._correct_time_format_for_api:111] - _correct_time_format_for_api: Processing time_min with value '2025-01-08T14:00:00Z'
2025-09-07 01:41:20,403 - gcalendar.calendar_tools - INFO - 27032 - MainThread [calendar_tools._correct_time_format_for_api:155] - time_min '2025-01-08T14:00:00Z' doesn't need formatting, using as is.
2025-09-07 01:41:20,403 - gcalendar.calendar_tools - INFO - 27032 - MainThread [calendar_tools.get_events:247] - time_min processing: original='2025-01-08T14:00:00Z', formatted='2025-01-08T14:00:00Z', effective='2025-01-08T14:00:00Z'
2025-09-07 01:41:20,403 - gcalendar.calendar_tools - INFO - 27032 - MainThread [calendar_tools._correct_time_format_for_api:111] - _correct_time_format_for_api: Processing time_max with value '2025-01-08T16:00:00Z'
2025-09-07 01:41:20,403 - gcalendar.calendar_tools - INFO - 27032 - MainThread [calendar_tools._correct_time_format_for_api:155] - time_max '2025-01-08T16:00:00Z' doesn't need formatting, using as is.
2025-09-07 01:41:20,403 - gcalendar.calendar_tools - INFO - 27032 - MainThread [calendar_tools.get_events:253] - time_max processing: original='2025-01-08T16:00:00Z', formatted='2025-01-08T16:00:00Z'
2025-09-07 01:41:20,403 - gcalendar.calendar_tools - INFO - 27032 - MainThread [calendar_tools.get_events:257] - [get_events] Final API parameters - calendarId: 'livambv@gmail.com', timeMin: '2025-01-08T14:00:00Z', timeMax: '2025-01-08T16:00:00Z', maxResults: 25, query: 'None'
2025-09-07 01:41:20,993 - gcalendar.calendar_tools - INFO - 27032 - MainThread [calendar_tools.get_events:349] - Successfully retrieved 10 events for jcmeijers@gmail.com.
2025-09-07 01:43:01,718 - mcp.server.lowlevel.server - INFO - 27032 - MainThread [server._handle_request:624] - Processing request of type CallToolRequest
2025-09-07 01:43:01,725 - auth.google_auth - INFO - 27032 - MainThread [google_auth.get_authenticated_google_service:802] - [create_event] Attempting to get authenticated calendar service. Email: 'jcmeijers@gmail.com', Session: 'ae6c0f05-9afc-49f0-b976-2c7a5e49e2d2'
2025-09-07 01:43:01,725 - auth.google_auth - WARNING - 27032 - asyncio_0 [google_auth.save_credentials_to_session:142] - Could not save credentials to session store - no user email found for session: ae6c0f05-9afc-49f0-b976-2c7a5e49e2d2
2025-09-07 01:43:01,732 - auth.google_auth - INFO - 27032 - MainThread [google_auth.get_authenticated_google_service:866] - [create_event] Successfully authenticated calendar service for user: jcmeijers@gmail.com
2025-09-07 01:43:01,732 - gcalendar.calendar_tools - INFO - 27032 - MainThread [calendar_tools.create_event:395] - [create_event] Invoked. Email: 'jcmeijers@gmail.com', Summary: IMMEDIATE COLOR TEST
2025-09-07 01:43:01,732 - gcalendar.calendar_tools - INFO - 27032 - MainThread [calendar_tools.create_event:398] - [create_event] Incoming attachments param: None
2025-09-07 01:43:02,280 - gcalendar.calendar_tools - INFO - 27032 - MainThread [calendar_tools.create_event:527] - Event created successfully for jcmeijers@gmail.com. ID: 1gt4pqr0ttrt79o877ljut3us4, Link: https://www.google.com/calendar/event?eid=MWd0NHBxcjB0dHJ0NzlvODc3bGp1dDN1czQgbGl2YW1idkBt
2025-09-07 01:45:35,265 - mcp.server.lowlevel.server - INFO - 27032 - MainThread [server._handle_request:624] - Processing request of type CallToolRequest
2025-09-07 01:45:35,265 - auth.google_auth - INFO - 27032 - MainThread [google_auth.get_authenticated_google_service:802] - [delete_event] Attempting to get authenticated calendar service. Email: 'jcmeijers@gmail.com', Session: 'ae6c0f05-9afc-49f0-b976-2c7a5e49e2d2'
2025-09-07 01:45:35,265 - auth.google_auth - WARNING - 27032 - asyncio_0 [google_auth.save_credentials_to_session:142] - Could not save credentials to session store - no user email found for session: ae6c0f05-9afc-49f0-b976-2c7a5e49e2d2
2025-09-07 01:45:35,265 - auth.google_auth - INFO - 27032 - MainThread [google_auth.get_authenticated_google_service:866] - [delete_event] Successfully authenticated calendar service for user: jcmeijers@gmail.com
2025-09-07 01:45:35,265 - gcalendar.calendar_tools - INFO - 27032 - MainThread [calendar_tools.delete_event:755] - [delete_event] Invoked. Email: 'jcmeijers@gmail.com', Event ID: g7fbuvriedfdv38sq359j96ag4
2025-09-07 01:45:35,265 - gcalendar.calendar_tools - INFO - 27032 - MainThread [calendar_tools.delete_event:760] - [delete_event] Attempting to delete event with ID: 'g7fbuvriedfdv38sq359j96ag4' in calendar 'livambv@gmail.com'
2025-09-07 01:45:35,671 - gcalendar.calendar_tools - INFO - 27032 - MainThread [calendar_tools.delete_event:769] - [delete_event] Successfully verified event exists before deletion
2025-09-07 01:45:35,846 - gcalendar.calendar_tools - INFO - 27032 - MainThread [calendar_tools.delete_event:790] - Event deleted successfully for jcmeijers@gmail.com. ID: g7fbuvriedfdv38sq359j96ag4
2025-09-07 01:45:42,152 - mcp.server.lowlevel.server - INFO - 27032 - MainThread [server._handle_request:624] - Processing request of type CallToolRequest
2025-09-07 01:45:42,154 - auth.google_auth - INFO - 27032 - MainThread [google_auth.get_authenticated_google_service:802] - [delete_event] Attempting to get authenticated calendar service. Email: 'jcmeijers@gmail.com', Session: 'ae6c0f05-9afc-49f0-b976-2c7a5e49e2d2'
2025-09-07 01:45:42,154 - auth.google_auth - WARNING - 27032 - asyncio_0 [google_auth.save_credentials_to_session:142] - Could not save credentials to session store - no user email found for session: ae6c0f05-9afc-49f0-b976-2c7a5e49e2d2
2025-09-07 01:45:42,158 - auth.google_auth - INFO - 27032 - MainThread [google_auth.get_authenticated_google_service:866] - [delete_event] Successfully authenticated calendar service for user: jcmeijers@gmail.com
2025-09-07 01:45:42,158 - gcalendar.calendar_tools - INFO - 27032 - MainThread [calendar_tools.delete_event:755] - [delete_event] Invoked. Email: 'jcmeijers@gmail.com', Event ID: 9k44qaoli3td4kk533o6taj4j4
2025-09-07 01:45:42,158 - gcalendar.calendar_tools - INFO - 27032 - MainThread [calendar_tools.delete_event:760] - [delete_event] Attempting to delete event with ID: '9k44qaoli3td4kk533o6taj4j4' in calendar 'livambv@gmail.com'
2025-09-07 01:45:42,563 - gcalendar.calendar_tools - INFO - 27032 - MainThread [calendar_tools.delete_event:769] - [delete_event] Successfully verified event exists before deletion
2025-09-07 01:45:42,828 - gcalendar.calendar_tools - INFO - 27032 - MainThread [calendar_tools.delete_event:790] - Event deleted successfully for jcmeijers@gmail.com. ID: 9k44qaoli3td4kk533o6taj4j4
2025-09-07 01:45:48,479 - mcp.server.lowlevel.server - INFO - 27032 - MainThread [server._handle_request:624] - Processing request of type CallToolRequest
2025-09-07 01:45:48,480 - auth.google_auth - INFO - 27032 - MainThread [google_auth.get_authenticated_google_service:802] - [delete_event] Attempting to get authenticated calendar service. Email: 'jcmeijers@gmail.com', Session: 'ae6c0f05-9afc-49f0-b976-2c7a5e49e2d2'
2025-09-07 01:45:48,481 - auth.google_auth - WARNING - 27032 - asyncio_0 [google_auth.save_credentials_to_session:142] - Could not save credentials to session store - no user email found for session: ae6c0f05-9afc-49f0-b976-2c7a5e49e2d2
2025-09-07 01:45:48,484 - auth.google_auth - INFO - 27032 - MainThread [google_auth.get_authenticated_google_service:866] - [delete_event] Successfully authenticated calendar service for user: jcmeijers@gmail.com
2025-09-07 01:45:48,484 - gcalendar.calendar_tools - INFO - 27032 - MainThread [calendar_tools.delete_event:755] - [delete_event] Invoked. Email: 'jcmeijers@gmail.com', Event ID: rk63vokdcp1kiebc7hd5kk42hc
2025-09-07 01:45:48,484 - gcalendar.calendar_tools - INFO - 27032 - MainThread [calendar_tools.delete_event:760] - [delete_event] Attempting to delete event with ID: 'rk63vokdcp1kiebc7hd5kk42hc' in calendar 'livambv@gmail.com'
2025-09-07 01:45:48,883 - gcalendar.calendar_tools - INFO - 27032 - MainThread [calendar_tools.delete_event:769] - [delete_event] Successfully verified event exists before deletion
2025-09-07 01:45:49,096 - gcalendar.calendar_tools - INFO - 27032 - MainThread [calendar_tools.delete_event:790] - Event deleted successfully for jcmeijers@gmail.com. ID: rk63vokdcp1kiebc7hd5kk42hc
2025-09-07 01:45:56,489 - mcp.server.lowlevel.server - INFO - 27032 - MainThread [server._handle_request:624] - Processing request of type CallToolRequest
2025-09-07 01:45:56,491 - auth.google_auth - INFO - 27032 - MainThread [google_auth.get_authenticated_google_service:802] - [delete_event] Attempting to get authenticated calendar service. Email: 'jcmeijers@gmail.com', Session: 'ae6c0f05-9afc-49f0-b976-2c7a5e49e2d2'
2025-09-07 01:45:56,491 - auth.google_auth - WARNING - 27032 - asyncio_0 [google_auth.save_credentials_to_session:142] - Could not save credentials to session store - no user email found for session: ae6c0f05-9afc-49f0-b976-2c7a5e49e2d2
2025-09-07 01:45:56,495 - auth.google_auth - INFO - 27032 - MainThread [google_auth.get_authenticated_google_service:866] - [delete_event] Successfully authenticated calendar service for user: jcmeijers@gmail.com
2025-09-07 01:45:56,495 - gcalendar.calendar_tools - INFO - 27032 - MainThread [calendar_tools.delete_event:755] - [delete_event] Invoked. Email: 'jcmeijers@gmail.com', Event ID: 5vopf3ss7ql6q5v6kd4bmffb24
2025-09-07 01:45:56,495 - gcalendar.calendar_tools - INFO - 27032 - MainThread [calendar_tools.delete_event:760] - [delete_event] Attempting to delete event with ID: '5vopf3ss7ql6q5v6kd4bmffb24' in calendar 'livambv@gmail.com'
2025-09-07 01:45:56,896 - gcalendar.calendar_tools - INFO - 27032 - MainThread [calendar_tools.delete_event:769] - [delete_event] Successfully verified event exists before deletion
2025-09-07 01:45:57,139 - gcalendar.calendar_tools - INFO - 27032 - MainThread [calendar_tools.delete_event:790] - Event deleted successfully for jcmeijers@gmail.com. ID: 5vopf3ss7ql6q5v6kd4bmffb24
2025-09-07 01:46:03,162 - mcp.server.lowlevel.server - INFO - 27032 - MainThread [server._handle_request:624] - Processing request of type CallToolRequest
2025-09-07 01:46:03,163 - auth.google_auth - INFO - 27032 - MainThread [google_auth.get_authenticated_google_service:802] - [delete_event] Attempting to get authenticated calendar service. Email: 'jcmeijers@gmail.com', Session: 'ae6c0f05-9afc-49f0-b976-2c7a5e49e2d2'
2025-09-07 01:46:03,163 - auth.google_auth - WARNING - 27032 - asyncio_0 [google_auth.save_credentials_to_session:142] - Could not save credentials to session store - no user email found for session: ae6c0f05-9afc-49f0-b976-2c7a5e49e2d2
2025-09-07 01:46:03,170 - auth.google_auth - INFO - 27032 - MainThread [google_auth.get_authenticated_google_service:866] - [delete_event] Successfully authenticated calendar service for user: jcmeijers@gmail.com
2025-09-07 01:46:03,170 - gcalendar.calendar_tools - INFO - 27032 - MainThread [calendar_tools.delete_event:755] - [delete_event] Invoked. Email: 'jcmeijers@gmail.com', Event ID: s737efkohtgnfreklrnlgenq04
2025-09-07 01:46:03,171 - gcalendar.calendar_tools - INFO - 27032 - MainThread [calendar_tools.delete_event:760] - [delete_event] Attempting to delete event with ID: 's737efkohtgnfreklrnlgenq04' in calendar 'livambv@gmail.com'
2025-09-07 01:46:03,559 - gcalendar.calendar_tools - INFO - 27032 - MainThread [calendar_tools.delete_event:769] - [delete_event] Successfully verified event exists before deletion
2025-09-07 01:46:03,749 - gcalendar.calendar_tools - INFO - 27032 - MainThread [calendar_tools.delete_event:790] - Event deleted successfully for jcmeijers@gmail.com. ID: s737efkohtgnfreklrnlgenq04
2025-09-07 01:46:10,221 - mcp.server.lowlevel.server - INFO - 27032 - MainThread [server._handle_request:624] - Processing request of type CallToolRequest
2025-09-07 01:46:10,222 - auth.google_auth - INFO - 27032 - MainThread [google_auth.get_authenticated_google_service:802] - [delete_event] Attempting to get authenticated calendar service. Email: 'jcmeijers@gmail.com', Session: 'ae6c0f05-9afc-49f0-b976-2c7a5e49e2d2'
2025-09-07 01:46:10,223 - auth.google_auth - WARNING - 27032 - asyncio_0 [google_auth.save_credentials_to_session:142] - Could not save credentials to session store - no user email found for session: ae6c0f05-9afc-49f0-b976-2c7a5e49e2d2
2025-09-07 01:46:10,226 - auth.google_auth - INFO - 27032 - MainThread [google_auth.get_authenticated_google_service:866] - [delete_event] Successfully authenticated calendar service for user: jcmeijers@gmail.com
2025-09-07 01:46:10,226 - gcalendar.calendar_tools - INFO - 27032 - MainThread [calendar_tools.delete_event:755] - [delete_event] Invoked. Email: 'jcmeijers@gmail.com', Event ID: 1gt4pqr0ttrt79o877ljut3us4
2025-09-07 01:46:10,226 - gcalendar.calendar_tools - INFO - 27032 - MainThread [calendar_tools.delete_event:760] - [delete_event] Attempting to delete event with ID: '1gt4pqr0ttrt79o877ljut3us4' in calendar 'livambv@gmail.com'
2025-09-07 01:46:10,598 - gcalendar.calendar_tools - INFO - 27032 - MainThread [calendar_tools.delete_event:769] - [delete_event] Successfully verified event exists before deletion
2025-09-07 01:46:10,880 - gcalendar.calendar_tools - INFO - 27032 - MainThread [calendar_tools.delete_event:790] - Event deleted successfully for jcmeijers@gmail.com. ID: 1gt4pqr0ttrt79o877ljut3us4
2025-09-07 01:46:55,611 - mcp.server.lowlevel.server - INFO - 27032 - MainThread [server._handle_request:624] - Processing request of type CallToolRequest
2025-09-07 01:46:55,619 - auth.google_auth - INFO - 27032 - MainThread [google_auth.get_authenticated_google_service:802] - [create_event] Attempting to get authenticated calendar service. Email: 'jcmeijers@gmail.com', Session: 'ae6c0f05-9afc-49f0-b976-2c7a5e49e2d2'
2025-09-07 01:46:55,620 - auth.google_auth - WARNING - 27032 - asyncio_0 [google_auth.save_credentials_to_session:142] - Could not save credentials to session store - no user email found for session: ae6c0f05-9afc-49f0-b976-2c7a5e49e2d2
2025-09-07 01:46:55,624 - auth.google_auth - INFO - 27032 - MainThread [google_auth.get_authenticated_google_service:866] - [create_event] Successfully authenticated calendar service for user: jcmeijers@gmail.com
2025-09-07 01:46:55,624 - gcalendar.calendar_tools - INFO - 27032 - MainThread [calendar_tools.create_event:395] - [create_event] Invoked. Email: 'jcmeijers@gmail.com', Summary: PRIMARY CALENDAR COLOR TEST
2025-09-07 01:46:55,624 - gcalendar.calendar_tools - INFO - 27032 - MainThread [calendar_tools.create_event:398] - [create_event] Incoming attachments param: None
2025-09-07 01:46:56,150 - gcalendar.calendar_tools - INFO - 27032 - MainThread [calendar_tools.create_event:527] - Event created successfully for jcmeijers@gmail.com. ID: 7l7m8tiv8sl5295ghrf7u76bd8, Link: https://www.google.com/calendar/event?eid=N2w3bTh0aXY4c2w1Mjk1Z2hyZjd1NzZiZDggamNtZWlqZXJzQG0
2025-09-07 01:48:39,576 - mcp.server.lowlevel.server - INFO - 27032 - MainThread [server._handle_request:624] - Processing request of type CallToolRequest
2025-09-07 01:48:39,587 - auth.google_auth - INFO - 27032 - MainThread [google_auth.get_authenticated_google_service:802] - [create_event] Attempting to get authenticated calendar service. Email: 'jcmeijers@gmail.com', Session: 'ae6c0f05-9afc-49f0-b976-2c7a5e49e2d2'
2025-09-07 01:48:39,588 - auth.google_auth - WARNING - 27032 - asyncio_0 [google_auth.save_credentials_to_session:142] - Could not save credentials to session store - no user email found for session: ae6c0f05-9afc-49f0-b976-2c7a5e49e2d2
2025-09-07 01:48:39,591 - auth.google_auth - INFO - 27032 - MainThread [google_auth.get_authenticated_google_service:866] - [create_event] Successfully authenticated calendar service for user: jcmeijers@gmail.com
2025-09-07 01:48:39,591 - gcalendar.calendar_tools - INFO - 27032 - MainThread [calendar_tools.create_event:395] - [create_event] Invoked. Email: 'jcmeijers@gmail.com', Summary: RIGHT NOW TEST - 01:50 AM
2025-09-07 01:48:39,591 - gcalendar.calendar_tools - INFO - 27032 - MainThread [calendar_tools.create_event:398] - [create_event] Incoming attachments param: None
2025-09-07 01:48:40,150 - gcalendar.calendar_tools - INFO - 27032 - MainThread [calendar_tools.create_event:527] - Event created successfully for jcmeijers@gmail.com. ID: 7n6kdutuanhnn00hnraks39d40, Link: https://www.google.com/calendar/event?eid=N242a2R1dHVhbmhubjAwaG5yYWtzMzlkNDAgamNtZWlqZXJzQG0
2025-09-07 01:50:10,501 - mcp.server.lowlevel.server - INFO - 27032 - MainThread [server._handle_request:624] - Processing request of type CallToolRequest
2025-09-07 01:50:10,508 - auth.google_auth - INFO - 27032 - MainThread [google_auth.get_authenticated_google_service:802] - [create_event] Attempting to get authenticated calendar service. Email: 'jcmeijers@gmail.com', Session: 'ae6c0f05-9afc-49f0-b976-2c7a5e49e2d2'
2025-09-07 01:50:10,508 - auth.google_auth - WARNING - 27032 - asyncio_0 [google_auth.save_credentials_to_session:142] - Could not save credentials to session store - no user email found for session: ae6c0f05-9afc-49f0-b976-2c7a5e49e2d2
2025-09-07 01:50:10,511 - auth.google_auth - INFO - 27032 - MainThread [google_auth.get_authenticated_google_service:866] - [create_event] Successfully authenticated calendar service for user: jcmeijers@gmail.com
2025-09-07 01:50:10,511 - gcalendar.calendar_tools - INFO - 27032 - MainThread [calendar_tools.create_event:395] - [create_event] Invoked. Email: 'jcmeijers@gmail.com', Summary: EXPLICIT CALENDAR TEST
2025-09-07 01:50:10,511 - gcalendar.calendar_tools - INFO - 27032 - MainThread [calendar_tools.create_event:398] - [create_event] Incoming attachments param: None
2025-09-07 01:50:11,118 - gcalendar.calendar_tools - INFO - 27032 - MainThread [calendar_tools.create_event:527] - Event created successfully for jcmeijers@gmail.com. ID: j33to77micg3ml0gboen78tths, Link: https://www.google.com/calendar/event?eid=ajMzdG83N21pY2czbWwwZ2JvZW43OHR0aHMgamNtZWlqZXJzQG0
2025-09-07 01:53:28,966 - auth.scopes - INFO - 24160 - MainThread [scopes.set_enabled_tools:150] - Enabled tools set for scope management: ['gmail', 'drive', 'calendar', 'docs', 'sheets', 'chat', 'forms', 'slides', 'tasks', 'search']
2025-09-07 01:53:28,966 - auth.scopes - INFO - 32476 - MainThread [scopes.set_enabled_tools:150] - Enabled tools set for scope management: ['gmail', 'drive', 'calendar', 'docs', 'sheets', 'chat', 'forms', 'slides', 'tasks', 'search']
2025-09-07 01:53:29,047 - core.utils - INFO - 24160 - MainThread [utils.check_credentials_directory_permissions:50] - Credentials directory permissions check passed: C:\Users\jcmei\.google_workspace_mcp\credentials
2025-09-07 01:53:29,047 - auth.oauth_callback_server - INFO - 24160 - MainThread [oauth_callback_server.ensure_oauth_callback_available:207] - Creating minimal OAuth server instance for http://localhost:8000
2025-09-07 01:53:29,047 - auth.oauth_callback_server - INFO - 24160 - MainThread [oauth_callback_server.ensure_oauth_callback_available:211] - Starting minimal OAuth server for stdio mode
2025-09-07 01:53:29,047 - core.utils - INFO - 32476 - MainThread [utils.check_credentials_directory_permissions:50] - Credentials directory permissions check passed: C:\Users\jcmei\.google_workspace_mcp\credentials
2025-09-07 01:53:29,047 - auth.oauth_callback_server - INFO - 32476 - MainThread [oauth_callback_server.ensure_oauth_callback_available:207] - Creating minimal OAuth server instance for http://localhost:8000
2025-09-07 01:53:29,047 - auth.oauth_callback_server - INFO - 32476 - MainThread [oauth_callback_server.ensure_oauth_callback_available:211] - Starting minimal OAuth server for stdio mode
2025-09-07 01:53:29,563 - auth.oauth_callback_server - INFO - 32476 - MainThread [oauth_callback_server.start:149] - Minimal OAuth server started on localhost:8000
2025-09-07 01:53:29,563 - auth.oauth_callback_server - INFO - 32476 - MainThread [oauth_callback_server.ensure_oauth_callback_available:214] - Minimal OAuth server successfully started on http://localhost:8000
2025-09-07 01:53:29,565 - auth.oauth_callback_server - INFO - 24160 - MainThread [oauth_callback_server.start:149] - Minimal OAuth server started on localhost:8000
2025-09-07 01:53:29,565 - auth.oauth_callback_server - INFO - 24160 - MainThread [oauth_callback_server.ensure_oauth_callback_available:214] - Minimal OAuth server successfully started on http://localhost:8000
2025-09-07 01:53:29,603 - __main__ - ERROR - 32476 - MainThread [main.main:286] - Unexpected error running server: unhandled errors in a TaskGroup (1 sub-exception)
  + Exception Group Traceback (most recent call last):
  |   File "C:\Users\jcmei\AppData\Roaming\Claude\Claude Extensions\local.dxt.taylor-wilsdon.workspace-mcp/main.py", line 277, in main
  |     server.run()
  |   File "C:\Users\jcmei\AppData\Roaming\Claude\Claude Extensions\local.dxt.taylor-wilsdon.workspace-mcp\.venv\Lib\site-packages\fastmcp\server\server.py", line 352, in run
  |     anyio.run(
  |   File "C:\Users\jcmei\AppData\Roaming\Claude\Claude Extensions\local.dxt.taylor-wilsdon.workspace-mcp\.venv\Lib\site-packages\anyio\_core\_eventloop.py", line 74, in run
  |     return async_backend.run(func, args, {}, backend_options)
  |            ^^^^^^^^^^^^^^^^^^^^^^^^^^^^^^^^^^^^^^^^^^^^^^^^^^
  |   File "C:\Users\jcmei\AppData\Roaming\Claude\Claude Extensions\local.dxt.taylor-wilsdon.workspace-mcp\.venv\Lib\site-packages\anyio\_backends\_asyncio.py", line 2310, in run
  |     return runner.run(wrapper())
  |            ^^^^^^^^^^^^^^^^^^^^^
  |   File "C:\Users\jcmei\AppData\Roaming\uv\python\cpython-3.11.13-windows-x86_64-none\Lib\asyncio\runners.py", line 118, in run
  |     return self._loop.run_until_complete(task)
  |            ^^^^^^^^^^^^^^^^^^^^^^^^^^^^^^^^^^^
  |   File "C:\Users\jcmei\AppData\Roaming\uv\python\cpython-3.11.13-windows-x86_64-none\Lib\asyncio\base_events.py", line 654, in run_until_complete
  |     return future.result()
  |            ^^^^^^^^^^^^^^^
  |   File "C:\Users\jcmei\AppData\Roaming\Claude\Claude Extensions\local.dxt.taylor-wilsdon.workspace-mcp\.venv\Lib\site-packages\anyio\_backends\_asyncio.py", line 2298, in wrapper
  |     return await func(*args)
  |            ^^^^^^^^^^^^^^^^^
  |   File "C:\Users\jcmei\AppData\Roaming\Claude\Claude Extensions\local.dxt.taylor-wilsdon.workspace-mcp\.venv\Lib\site-packages\fastmcp\server\server.py", line 327, in run_async
  |     await self.run_stdio_async(
  |   File "C:\Users\jcmei\AppData\Roaming\Claude\Claude Extensions\local.dxt.taylor-wilsdon.workspace-mcp\.venv\Lib\site-packages\fastmcp\server\server.py", line 1444, in run_stdio_async
  |     async with stdio_server() as (read_stream, write_stream):
  |   File "C:\Users\jcmei\AppData\Roaming\uv\python\cpython-3.11.13-windows-x86_64-none\Lib\contextlib.py", line 217, in __aexit__
  |     await anext(self.gen)
  |   File "C:\Users\jcmei\AppData\Roaming\Claude\Claude Extensions\local.dxt.taylor-wilsdon.workspace-mcp\.venv\Lib\site-packages\mcp\server\stdio.py", line 85, in stdio_server
  |     async with anyio.create_task_group() as tg:
  |   File "C:\Users\jcmei\AppData\Roaming\Claude\Claude Extensions\local.dxt.taylor-wilsdon.workspace-mcp\.venv\Lib\site-packages\anyio\_backends\_asyncio.py", line 772, in __aexit__
  |     raise BaseExceptionGroup(
  | ExceptionGroup: unhandled errors in a TaskGroup (1 sub-exception)
  +-+---------------- 1 ----------------
    | Traceback (most recent call last):
    |   File "C:\Users\jcmei\AppData\Roaming\Claude\Claude Extensions\local.dxt.taylor-wilsdon.workspace-mcp\.venv\Lib\site-packages\mcp\server\stdio.py", line 81, in stdout_writer
    |     await stdout.flush()
    |   File "C:\Users\jcmei\AppData\Roaming\Claude\Claude Extensions\local.dxt.taylor-wilsdon.workspace-mcp\.venv\Lib\site-packages\anyio\_core\_fileio.py", line 140, in flush
    |     return await to_thread.run_sync(self._fp.flush)
    |            ^^^^^^^^^^^^^^^^^^^^^^^^^^^^^^^^^^^^^^^^
    |   File "C:\Users\jcmei\AppData\Roaming\Claude\Claude Extensions\local.dxt.taylor-wilsdon.workspace-mcp\.venv\Lib\site-packages\anyio\to_thread.py", line 56, in run_sync
    |     return await get_async_backend().run_sync_in_worker_thread(
    |            ^^^^^^^^^^^^^^^^^^^^^^^^^^^^^^^^^^^^^^^^^^^^^^^^^^^^
    |   File "C:\Users\jcmei\AppData\Roaming\Claude\Claude Extensions\local.dxt.taylor-wilsdon.workspace-mcp\.venv\Lib\site-packages\anyio\_backends\_asyncio.py", line 2470, in run_sync_in_worker_thread
    |     return await future
    |            ^^^^^^^^^^^^
    |   File "C:\Users\jcmei\AppData\Roaming\Claude\Claude Extensions\local.dxt.taylor-wilsdon.workspace-mcp\.venv\Lib\site-packages\anyio\_backends\_asyncio.py", line 967, in run
    |     result = context.run(func, *args)
    |              ^^^^^^^^^^^^^^^^^^^^^^^^
    | OSError: [Errno 22] Invalid argument
    +------------------------------------
2025-09-07 01:53:29,606 - auth.oauth_callback_server - INFO - 32476 - MainThread [oauth_callback_server.stop:173] - Minimal OAuth server stopped
2025-09-07 01:53:37,371 - auth.scopes - INFO - 18124 - MainThread [scopes.set_enabled_tools:150] - Enabled tools set for scope management: ['gmail', 'drive', 'calendar', 'docs', 'sheets', 'chat', 'forms', 'slides', 'tasks', 'search']
2025-09-07 01:53:37,381 - auth.scopes - INFO - 9620 - MainThread [scopes.set_enabled_tools:150] - Enabled tools set for scope management: ['gmail', 'drive', 'calendar', 'docs', 'sheets', 'chat', 'forms', 'slides', 'tasks', 'search']
2025-09-07 01:53:37,458 - core.utils - INFO - 18124 - MainThread [utils.check_credentials_directory_permissions:50] - Credentials directory permissions check passed: C:\Users\jcmei\.google_workspace_mcp\credentials
2025-09-07 01:53:37,458 - core.utils - INFO - 9620 - MainThread [utils.check_credentials_directory_permissions:50] - Credentials directory permissions check passed: C:\Users\jcmei\.google_workspace_mcp\credentials
2025-09-07 01:53:37,458 - auth.oauth_callback_server - INFO - 18124 - MainThread [oauth_callback_server.ensure_oauth_callback_available:207] - Creating minimal OAuth server instance for http://localhost:8000
2025-09-07 01:53:37,458 - auth.oauth_callback_server - INFO - 18124 - MainThread [oauth_callback_server.ensure_oauth_callback_available:211] - Starting minimal OAuth server for stdio mode
2025-09-07 01:53:37,461 - auth.oauth_callback_server - INFO - 9620 - MainThread [oauth_callback_server.ensure_oauth_callback_available:207] - Creating minimal OAuth server instance for http://localhost:8000
2025-09-07 01:53:37,461 - auth.oauth_callback_server - INFO - 9620 - MainThread [oauth_callback_server.ensure_oauth_callback_available:211] - Starting minimal OAuth server for stdio mode
2025-09-07 01:53:37,965 - auth.oauth_callback_server - INFO - 9620 - MainThread [oauth_callback_server.start:149] - Minimal OAuth server started on localhost:8000
2025-09-07 01:53:37,965 - auth.oauth_callback_server - INFO - 9620 - MainThread [oauth_callback_server.ensure_oauth_callback_available:214] - Minimal OAuth server successfully started on http://localhost:8000
2025-09-07 01:53:37,965 - auth.oauth_callback_server - INFO - 18124 - MainThread [oauth_callback_server.start:149] - Minimal OAuth server started on localhost:8000
2025-09-07 01:53:37,966 - auth.oauth_callback_server - INFO - 18124 - MainThread [oauth_callback_server.ensure_oauth_callback_available:214] - Minimal OAuth server successfully started on http://localhost:8000
2025-09-07 01:53:38,055 - mcp.server.lowlevel.server - INFO - 18124 - MainThread [server._handle_request:624] - Processing request of type ListToolsRequest
2025-09-07 01:53:38,059 - mcp.server.lowlevel.server - INFO - 18124 - MainThread [server._handle_request:624] - Processing request of type ListPromptsRequest
2025-09-07 01:53:38,059 - mcp.server.lowlevel.server - INFO - 9620 - MainThread [server._handle_request:624] - Processing request of type ListToolsRequest
2025-09-07 01:53:38,059 - mcp.server.lowlevel.server - INFO - 18124 - MainThread [server._handle_request:624] - Processing request of type ListResourcesRequest
2025-09-07 01:53:38,062 - mcp.server.lowlevel.server - INFO - 9620 - MainThread [server._handle_request:624] - Processing request of type ListPromptsRequest
2025-09-07 01:53:38,062 - mcp.server.lowlevel.server - INFO - 9620 - MainThread [server._handle_request:624] - Processing request of type ListResourcesRequest
2025-09-07 01:54:22,290 - mcp.server.lowlevel.server - INFO - 9620 - MainThread [server._handle_request:624] - Processing request of type CallToolRequest
2025-09-07 01:54:22,299 - auth.google_auth - INFO - 9620 - MainThread [google_auth.get_authenticated_google_service:802] - [create_event] Attempting to get authenticated calendar service. Email: 'jcmeijers@gmail.com', Session: 'e6270cd4-077e-4f33-a008-e928faef8daa'
2025-09-07 01:54:22,300 - auth.credential_store - INFO - 9620 - asyncio_0 [credential_store.__init__:99] - LocalJsonCredentialStore initialized with base_dir: C:\Users\jcmei\.google_workspace_mcp\credentials
2025-09-07 01:54:22,300 - auth.credential_store - INFO - 9620 - asyncio_0 [credential_store.get_credential_store:232] - Initialized credential store: LocalDirectoryCredentialStore
2025-09-07 01:54:22,300 - auth.google_auth - WARNING - 9620 - asyncio_0 [google_auth.save_credentials_to_session:142] - Could not save credentials to session store - no user email found for session: e6270cd4-077e-4f33-a008-e928faef8daa
2025-09-07 01:54:22,304 - auth.google_auth - INFO - 9620 - MainThread [google_auth.get_authenticated_google_service:866] - [create_event] Successfully authenticated calendar service for user: jcmeijers@gmail.com
2025-09-07 01:54:22,304 - gcalendar.calendar_tools - INFO - 9620 - MainThread [calendar_tools.create_event:395] - [create_event] Invoked. Email: 'jcmeijers@gmail.com', Summary: VISIBILITY TEST - FIXED VERSION
2025-09-07 01:54:22,304 - gcalendar.calendar_tools - INFO - 9620 - MainThread [calendar_tools.create_event:398] - [create_event] Incoming attachments param: None
2025-09-07 01:54:22,800 - gcalendar.calendar_tools - INFO - 9620 - MainThread [calendar_tools.create_event:531] - Event created successfully for jcmeijers@gmail.com. ID: jp743lt4noa4lqtas2mkviqb5k, Link: https://www.google.com/calendar/event?eid=anA3NDNsdDRub2E0bHF0YXMybWt2aXFiNWsgamNtZWlqZXJzQG0
2025-09-07 01:56:43,885 - mcp.server.lowlevel.server - INFO - 9620 - MainThread [server._handle_request:624] - Processing request of type CallToolRequest
2025-09-07 01:56:43,895 - auth.google_auth - INFO - 9620 - MainThread [google_auth.get_authenticated_google_service:802] - [create_event] Attempting to get authenticated calendar service. Email: 'jcmeijers@gmail.com', Session: 'e6270cd4-077e-4f33-a008-e928faef8daa'
2025-09-07 01:56:43,895 - auth.google_auth - WARNING - 9620 - asyncio_0 [google_auth.save_credentials_to_session:142] - Could not save credentials to session store - no user email found for session: e6270cd4-077e-4f33-a008-e928faef8daa
2025-09-07 01:56:43,898 - auth.google_auth - INFO - 9620 - MainThread [google_auth.get_authenticated_google_service:866] - [create_event] Successfully authenticated calendar service for user: jcmeijers@gmail.com
2025-09-07 01:56:43,898 - gcalendar.calendar_tools - INFO - 9620 - MainThread [calendar_tools.create_event:395] - [create_event] Invoked. Email: 'jcmeijers@gmail.com', Summary: CORRECT DATE TEST - SEPTEMBER
2025-09-07 01:56:43,898 - gcalendar.calendar_tools - INFO - 9620 - MainThread [calendar_tools.create_event:398] - [create_event] Incoming attachments param: None
2025-09-07 01:56:44,405 - gcalendar.calendar_tools - INFO - 9620 - MainThread [calendar_tools.create_event:531] - Event created successfully for jcmeijers@gmail.com. ID: na3nfjrnuvccepr9vb5f7beqp4, Link: https://www.google.com/calendar/event?eid=bmEzbmZqcm51dmNjZXByOXZiNWY3YmVxcDQgamNtZWlqZXJzQG0
2025-09-07 01:57:40,557 - mcp.server.lowlevel.server - INFO - 9620 - MainThread [server._handle_request:624] - Processing request of type CallToolRequest
2025-09-07 01:57:40,567 - auth.google_auth - INFO - 9620 - MainThread [google_auth.get_authenticated_google_service:802] - [create_event] Attempting to get authenticated calendar service. Email: 'jcmeijers@gmail.com', Session: 'e6270cd4-077e-4f33-a008-e928faef8daa'
2025-09-07 01:57:40,567 - auth.google_auth - WARNING - 9620 - asyncio_0 [google_auth.save_credentials_to_session:142] - Could not save credentials to session store - no user email found for session: e6270cd4-077e-4f33-a008-e928faef8daa
2025-09-07 01:57:40,570 - auth.google_auth - INFO - 9620 - MainThread [google_auth.get_authenticated_google_service:866] - [create_event] Successfully authenticated calendar service for user: jcmeijers@gmail.com
2025-09-07 01:57:40,570 - gcalendar.calendar_tools - INFO - 9620 - MainThread [calendar_tools.create_event:395] - [create_event] Invoked. Email: 'jcmeijers@gmail.com', Summary: COLOR ID 1 TEST
2025-09-07 01:57:40,570 - gcalendar.calendar_tools - INFO - 9620 - MainThread [calendar_tools.create_event:398] - [create_event] Incoming attachments param: None
2025-09-07 01:57:41,168 - gcalendar.calendar_tools - INFO - 9620 - MainThread [calendar_tools.create_event:531] - Event created successfully for jcmeijers@gmail.com. ID: 1u5rjqr6qqb0flru3q9n4ffot0, Link: https://www.google.com/calendar/event?eid=MXU1cmpxcjZxcWIwZmxydTNxOW40ZmZvdDAgamNtZWlqZXJzQG0
2025-09-07 01:57:46,509 - mcp.server.lowlevel.server - INFO - 9620 - MainThread [server._handle_request:624] - Processing request of type CallToolRequest
2025-09-07 01:57:46,516 - auth.google_auth - INFO - 9620 - MainThread [google_auth.get_authenticated_google_service:802] - [create_event] Attempting to get authenticated calendar service. Email: 'jcmeijers@gmail.com', Session: 'e6270cd4-077e-4f33-a008-e928faef8daa'
2025-09-07 01:57:46,517 - auth.google_auth - WARNING - 9620 - asyncio_0 [google_auth.save_credentials_to_session:142] - Could not save credentials to session store - no user email found for session: e6270cd4-077e-4f33-a008-e928faef8daa
2025-09-07 01:57:46,519 - auth.google_auth - INFO - 9620 - MainThread [google_auth.get_authenticated_google_service:866] - [create_event] Successfully authenticated calendar service for user: jcmeijers@gmail.com
2025-09-07 01:57:46,519 - gcalendar.calendar_tools - INFO - 9620 - MainThread [calendar_tools.create_event:395] - [create_event] Invoked. Email: 'jcmeijers@gmail.com', Summary: COLOR ID 6 TEST
2025-09-07 01:57:46,519 - gcalendar.calendar_tools - INFO - 9620 - MainThread [calendar_tools.create_event:398] - [create_event] Incoming attachments param: None
2025-09-07 01:57:47,013 - gcalendar.calendar_tools - INFO - 9620 - MainThread [calendar_tools.create_event:531] - Event created successfully for jcmeijers@gmail.com. ID: 7krmho6s7ogvrgsbil3g9ckekc, Link: https://www.google.com/calendar/event?eid=N2tybWhvNnM3b2d2cmdzYmlsM2c5Y2tla2MgamNtZWlqZXJzQG0
2025-09-07 01:57:52,257 - mcp.server.lowlevel.server - INFO - 9620 - MainThread [server._handle_request:624] - Processing request of type CallToolRequest
2025-09-07 01:57:52,263 - auth.google_auth - INFO - 9620 - MainThread [google_auth.get_authenticated_google_service:802] - [create_event] Attempting to get authenticated calendar service. Email: 'jcmeijers@gmail.com', Session: 'e6270cd4-077e-4f33-a008-e928faef8daa'
2025-09-07 01:57:52,264 - auth.google_auth - WARNING - 9620 - asyncio_0 [google_auth.save_credentials_to_session:142] - Could not save credentials to session store - no user email found for session: e6270cd4-077e-4f33-a008-e928faef8daa
2025-09-07 01:57:52,268 - auth.google_auth - INFO - 9620 - MainThread [google_auth.get_authenticated_google_service:866] - [create_event] Successfully authenticated calendar service for user: jcmeijers@gmail.com
2025-09-07 01:57:52,269 - gcalendar.calendar_tools - INFO - 9620 - MainThread [calendar_tools.create_event:395] - [create_event] Invoked. Email: 'jcmeijers@gmail.com', Summary: COLOR ID 9 TEST
2025-09-07 01:57:52,269 - gcalendar.calendar_tools - INFO - 9620 - MainThread [calendar_tools.create_event:398] - [create_event] Incoming attachments param: None
2025-09-07 01:57:52,783 - gcalendar.calendar_tools - INFO - 9620 - MainThread [calendar_tools.create_event:531] - Event created successfully for jcmeijers@gmail.com. ID: 085vngkectf3nqofe8v3n2oms8, Link: https://www.google.com/calendar/event?eid=MDg1dm5na2VjdGYzbnFvZmU4djNuMm9tczggamNtZWlqZXJzQG0
2025-09-07 02:00:02,086 - mcp.server.lowlevel.server - INFO - 9620 - MainThread [server._handle_request:624] - Processing request of type CallToolRequest
2025-09-07 02:00:02,086 - auth.google_auth - INFO - 9620 - MainThread [google_auth.get_authenticated_google_service:802] - [delete_event] Attempting to get authenticated calendar service. Email: 'jcmeijers@gmail.com', Session: 'e6270cd4-077e-4f33-a008-e928faef8daa'
2025-09-07 02:00:02,086 - auth.google_auth - WARNING - 9620 - asyncio_0 [google_auth.save_credentials_to_session:142] - Could not save credentials to session store - no user email found for session: e6270cd4-077e-4f33-a008-e928faef8daa
2025-09-07 02:00:02,086 - auth.google_auth - INFO - 9620 - MainThread [google_auth.get_authenticated_google_service:866] - [delete_event] Successfully authenticated calendar service for user: jcmeijers@gmail.com
2025-09-07 02:00:02,086 - gcalendar.calendar_tools - INFO - 9620 - MainThread [calendar_tools.delete_event:765] - [delete_event] Invoked. Email: 'jcmeijers@gmail.com', Event ID: anA3NDNsdDRub2E0bHF0YXMybWt2aXFiNWs
2025-09-07 02:00:02,086 - gcalendar.calendar_tools - INFO - 9620 - MainThread [calendar_tools.delete_event:770] - [delete_event] Attempting to delete event with ID: 'anA3NDNsdDRub2E0bHF0YXMybWt2aXFiNWs' in calendar 'primary'
2025-09-07 02:00:02,495 - gcalendar.calendar_tools - ERROR - 9620 - MainThread [calendar_tools.delete_event:784] - [delete_event] Event not found during pre-delete verification: <HttpError 404 when requesting https://www.googleapis.com/calendar/v3/calendars/primary/events/anA3NDNsdDRub2E0bHF0YXMybWt2aXFiNWs?alt=json returned "Not Found". Details: "[{'domain': 'global', 'reason': 'notFound', 'message': 'Not Found'}]">
2025-09-07 02:00:02,495 - core.utils - ERROR - 9620 - MainThread [utils.wrapper:319] - An unexpected error occurred in delete_event: Event not found during verification. The event with ID 'anA3NDNsdDRub2E0bHF0YXMybWt2aXFiNWs' could not be found in calendar 'primary'. This may be due to incorrect ID format or the event no longer exists.
Traceback (most recent call last):
  File "C:\Users\jcmei\AppData\Roaming\Claude\Claude Extensions\local.dxt.taylor-wilsdon.workspace-mcp\gcalendar\calendar_tools.py", line 776, in delete_event
    await asyncio.to_thread(
  File "C:\Users\jcmei\AppData\Roaming\uv\python\cpython-3.11.13-windows-x86_64-none\Lib\asyncio\threads.py", line 25, in to_thread
    return await loop.run_in_executor(None, func_call)
           ^^^^^^^^^^^^^^^^^^^^^^^^^^^^^^^^^^^^^^^^^^^
  File "C:\Users\jcmei\AppData\Roaming\uv\python\cpython-3.11.13-windows-x86_64-none\Lib\concurrent\futures\thread.py", line 58, in run
    result = self.fn(*self.args, **self.kwargs)
             ^^^^^^^^^^^^^^^^^^^^^^^^^^^^^^^^^^
  File "C:\Users\jcmei\AppData\Roaming\Claude\Claude Extensions\local.dxt.taylor-wilsdon.workspace-mcp\gcalendar\calendar_tools.py", line 777, in <lambda>
    lambda: service.events().get(calendarId=calendar_id, eventId=event_id).execute()
            ^^^^^^^^^^^^^^^^^^^^^^^^^^^^^^^^^^^^^^^^^^^^^^^^^^^^^^^^^^^^^^^^^^^^^^^^
  File "C:\Users\jcmei\AppData\Roaming\Claude\Claude Extensions\local.dxt.taylor-wilsdon.workspace-mcp\.venv\Lib\site-packages\googleapiclient\_helpers.py", line 130, in positional_wrapper
    return wrapped(*args, **kwargs)
           ^^^^^^^^^^^^^^^^^^^^^^^^
  File "C:\Users\jcmei\AppData\Roaming\Claude\Claude Extensions\local.dxt.taylor-wilsdon.workspace-mcp\.venv\Lib\site-packages\googleapiclient\http.py", line 938, in execute
    raise HttpError(resp, content, uri=self.uri)
googleapiclient.errors.HttpError: <HttpError 404 when requesting https://www.googleapis.com/calendar/v3/calendars/primary/events/anA3NDNsdDRub2E0bHF0YXMybWt2aXFiNWs?alt=json returned "Not Found". Details: "[{'domain': 'global', 'reason': 'notFound', 'message': 'Not Found'}]">

During handling of the above exception, another exception occurred:

Traceback (most recent call last):
  File "C:\Users\jcmei\AppData\Roaming\Claude\Claude Extensions\local.dxt.taylor-wilsdon.workspace-mcp\core\utils.py", line 263, in wrapper
    return await func(*args, **kwargs)
           ^^^^^^^^^^^^^^^^^^^^^^^^^^^
  File "C:\Users\jcmei\AppData\Roaming\Claude\Claude Extensions\local.dxt.taylor-wilsdon.workspace-mcp\auth\service_decorator.py", line 567, in wrapper
    return await func(service, *args, **kwargs)
           ^^^^^^^^^^^^^^^^^^^^^^^^^^^^^^^^^^^^
  File "C:\Users\jcmei\AppData\Roaming\Claude\Claude Extensions\local.dxt.taylor-wilsdon.workspace-mcp\gcalendar\calendar_tools.py", line 788, in delete_event
    raise Exception(message)
Exception: Event not found during verification. The event with ID 'anA3NDNsdDRub2E0bHF0YXMybWt2aXFiNWs' could not be found in calendar 'primary'. This may be due to incorrect ID format or the event no longer exists.
2025-09-07 02:00:02,790 - auth.auth_info_middleware - ERROR - 9620 - MainThread [auth_info_middleware.on_call_tool:255] - Error in on_call_tool middleware: Error calling tool 'delete_event': An unexpected error occurred in delete_event: Event not found during verification. The event with ID 'anA3NDNsdDRub2E0bHF0YXMybWt2aXFiNWs' could not be found in calendar 'primary'. This may be due to incorrect ID format or the event no longer exists.
Traceback (most recent call last):
  File "C:\Users\jcmei\AppData\Roaming\Claude\Claude Extensions\local.dxt.taylor-wilsdon.workspace-mcp\gcalendar\calendar_tools.py", line 776, in delete_event
    await asyncio.to_thread(
  File "C:\Users\jcmei\AppData\Roaming\uv\python\cpython-3.11.13-windows-x86_64-none\Lib\asyncio\threads.py", line 25, in to_thread
    return await loop.run_in_executor(None, func_call)
           ^^^^^^^^^^^^^^^^^^^^^^^^^^^^^^^^^^^^^^^^^^^
  File "C:\Users\jcmei\AppData\Roaming\uv\python\cpython-3.11.13-windows-x86_64-none\Lib\concurrent\futures\thread.py", line 58, in run
    result = self.fn(*self.args, **self.kwargs)
             ^^^^^^^^^^^^^^^^^^^^^^^^^^^^^^^^^^
  File "C:\Users\jcmei\AppData\Roaming\Claude\Claude Extensions\local.dxt.taylor-wilsdon.workspace-mcp\gcalendar\calendar_tools.py", line 777, in <lambda>
    lambda: service.events().get(calendarId=calendar_id, eventId=event_id).execute()
            ^^^^^^^^^^^^^^^^^^^^^^^^^^^^^^^^^^^^^^^^^^^^^^^^^^^^^^^^^^^^^^^^^^^^^^^^
  File "C:\Users\jcmei\AppData\Roaming\Claude\Claude Extensions\local.dxt.taylor-wilsdon.workspace-mcp\.venv\Lib\site-packages\googleapiclient\_helpers.py", line 130, in positional_wrapper
    return wrapped(*args, **kwargs)
           ^^^^^^^^^^^^^^^^^^^^^^^^
  File "C:\Users\jcmei\AppData\Roaming\Claude\Claude Extensions\local.dxt.taylor-wilsdon.workspace-mcp\.venv\Lib\site-packages\googleapiclient\http.py", line 938, in execute
    raise HttpError(resp, content, uri=self.uri)
googleapiclient.errors.HttpError: <HttpError 404 when requesting https://www.googleapis.com/calendar/v3/calendars/primary/events/anA3NDNsdDRub2E0bHF0YXMybWt2aXFiNWs?alt=json returned "Not Found". Details: "[{'domain': 'global', 'reason': 'notFound', 'message': 'Not Found'}]">

During handling of the above exception, another exception occurred:

Traceback (most recent call last):
  File "C:\Users\jcmei\AppData\Roaming\Claude\Claude Extensions\local.dxt.taylor-wilsdon.workspace-mcp\core\utils.py", line 263, in wrapper
    return await func(*args, **kwargs)
           ^^^^^^^^^^^^^^^^^^^^^^^^^^^
  File "C:\Users\jcmei\AppData\Roaming\Claude\Claude Extensions\local.dxt.taylor-wilsdon.workspace-mcp\auth\service_decorator.py", line 567, in wrapper
    return await func(service, *args, **kwargs)
           ^^^^^^^^^^^^^^^^^^^^^^^^^^^^^^^^^^^^
  File "C:\Users\jcmei\AppData\Roaming\Claude\Claude Extensions\local.dxt.taylor-wilsdon.workspace-mcp\gcalendar\calendar_tools.py", line 788, in delete_event
    raise Exception(message)
Exception: Event not found during verification. The event with ID 'anA3NDNsdDRub2E0bHF0YXMybWt2aXFiNWs' could not be found in calendar 'primary'. This may be due to incorrect ID format or the event no longer exists.

The above exception was the direct cause of the following exception:

Traceback (most recent call last):
  File "C:\Users\jcmei\AppData\Roaming\Claude\Claude Extensions\local.dxt.taylor-wilsdon.workspace-mcp\.venv\Lib\site-packages\fastmcp\tools\tool_manager.py", line 222, in call_tool
    return await tool.run(arguments)
           ^^^^^^^^^^^^^^^^^^^^^^^^^
  File "C:\Users\jcmei\AppData\Roaming\Claude\Claude Extensions\local.dxt.taylor-wilsdon.workspace-mcp\.venv\Lib\site-packages\fastmcp\tools\tool.py", line 298, in run
    result = await result
             ^^^^^^^^^^^^
  File "C:\Users\jcmei\AppData\Roaming\Claude\Claude Extensions\local.dxt.taylor-wilsdon.workspace-mcp\core\utils.py", line 320, in wrapper
    raise Exception(message) from e
Exception: An unexpected error occurred in delete_event: Event not found during verification. The event with ID 'anA3NDNsdDRub2E0bHF0YXMybWt2aXFiNWs' could not be found in calendar 'primary'. This may be due to incorrect ID format or the event no longer exists.

The above exception was the direct cause of the following exception:

Traceback (most recent call last):
  File "C:\Users\jcmei\AppData\Roaming\Claude\Claude Extensions\local.dxt.taylor-wilsdon.workspace-mcp\auth\auth_info_middleware.py", line 246, in on_call_tool
    result = await call_next(context)
             ^^^^^^^^^^^^^^^^^^^^^^^^
  File "C:\Users\jcmei\AppData\Roaming\Claude\Claude Extensions\local.dxt.taylor-wilsdon.workspace-mcp\.venv\Lib\site-packages\fastmcp\server\server.py", line 695, in _handler
    return await self._tool_manager.call_tool(
           ^^^^^^^^^^^^^^^^^^^^^^^^^^^^^^^^^^^
  File "C:\Users\jcmei\AppData\Roaming\Claude\Claude Extensions\local.dxt.taylor-wilsdon.workspace-mcp\.venv\Lib\site-packages\fastmcp\tools\tool_manager.py", line 237, in call_tool
    raise ToolError(f"Error calling tool {key!r}: {e}") from e
fastmcp.exceptions.ToolError: Error calling tool 'delete_event': An unexpected error occurred in delete_event: Event not found during verification. The event with ID 'anA3NDNsdDRub2E0bHF0YXMybWt2aXFiNWs' could not be found in calendar 'primary'. This may be due to incorrect ID format or the event no longer exists.
2025-09-07 02:00:11,008 - mcp.server.lowlevel.server - INFO - 9620 - MainThread [server._handle_request:624] - Processing request of type CallToolRequest
2025-09-07 02:00:11,011 - auth.google_auth - INFO - 9620 - MainThread [google_auth.get_authenticated_google_service:802] - [get_events] Attempting to get authenticated calendar service. Email: 'jcmeijers@gmail.com', Session: 'e6270cd4-077e-4f33-a008-e928faef8daa'
2025-09-07 02:00:11,012 - auth.google_auth - WARNING - 9620 - asyncio_0 [google_auth.save_credentials_to_session:142] - Could not save credentials to session store - no user email found for session: e6270cd4-077e-4f33-a008-e928faef8daa
2025-09-07 02:00:11,014 - auth.google_auth - INFO - 9620 - MainThread [google_auth.get_authenticated_google_service:866] - [get_events] Successfully authenticated calendar service for user: jcmeijers@gmail.com
2025-09-07 02:00:11,014 - gcalendar.calendar_tools - INFO - 9620 - MainThread [calendar_tools.get_events:224] - [get_events] Raw parameters - event_id: 'None', time_min: '2025-09-07T02:00:00+01:00', time_max: '2025-09-07T04:00:00+01:00', query: 'None', detailed: False
2025-09-07 02:00:11,014 - gcalendar.calendar_tools - INFO - 9620 - MainThread [calendar_tools._correct_time_format_for_api:111] - _correct_time_format_for_api: Processing time_min with value '2025-09-07T02:00:00+01:00'
2025-09-07 02:00:11,014 - gcalendar.calendar_tools - INFO - 9620 - MainThread [calendar_tools._correct_time_format_for_api:155] - time_min '2025-09-07T02:00:00+01:00' doesn't need formatting, using as is.
2025-09-07 02:00:11,015 - gcalendar.calendar_tools - INFO - 9620 - MainThread [calendar_tools.get_events:247] - time_min processing: original='2025-09-07T02:00:00+01:00', formatted='2025-09-07T02:00:00+01:00', effective='2025-09-07T02:00:00+01:00'
2025-09-07 02:00:11,015 - gcalendar.calendar_tools - INFO - 9620 - MainThread [calendar_tools._correct_time_format_for_api:111] - _correct_time_format_for_api: Processing time_max with value '2025-09-07T04:00:00+01:00'
2025-09-07 02:00:11,015 - gcalendar.calendar_tools - INFO - 9620 - MainThread [calendar_tools._correct_time_format_for_api:155] - time_max '2025-09-07T04:00:00+01:00' doesn't need formatting, using as is.
2025-09-07 02:00:11,015 - gcalendar.calendar_tools - INFO - 9620 - MainThread [calendar_tools.get_events:253] - time_max processing: original='2025-09-07T04:00:00+01:00', formatted='2025-09-07T04:00:00+01:00'
2025-09-07 02:00:11,015 - gcalendar.calendar_tools - INFO - 9620 - MainThread [calendar_tools.get_events:257] - [get_events] Final API parameters - calendarId: 'primary', timeMin: '2025-09-07T02:00:00+01:00', timeMax: '2025-09-07T04:00:00+01:00', maxResults: 25, query: 'None'
2025-09-07 02:00:11,434 - gcalendar.calendar_tools - INFO - 9620 - MainThread [calendar_tools.get_events:349] - Successfully retrieved 4 events for jcmeijers@gmail.com.
2025-09-07 02:00:20,437 - mcp.server.lowlevel.server - INFO - 9620 - MainThread [server._handle_request:624] - Processing request of type CallToolRequest
2025-09-07 02:00:20,437 - auth.google_auth - INFO - 9620 - MainThread [google_auth.get_authenticated_google_service:802] - [delete_event] Attempting to get authenticated calendar service. Email: 'jcmeijers@gmail.com', Session: 'e6270cd4-077e-4f33-a008-e928faef8daa'
2025-09-07 02:00:20,437 - auth.google_auth - WARNING - 9620 - asyncio_0 [google_auth.save_credentials_to_session:142] - Could not save credentials to session store - no user email found for session: e6270cd4-077e-4f33-a008-e928faef8daa
2025-09-07 02:00:20,443 - auth.google_auth - INFO - 9620 - MainThread [google_auth.get_authenticated_google_service:866] - [delete_event] Successfully authenticated calendar service for user: jcmeijers@gmail.com
2025-09-07 02:00:20,443 - gcalendar.calendar_tools - INFO - 9620 - MainThread [calendar_tools.delete_event:765] - [delete_event] Invoked. Email: 'jcmeijers@gmail.com', Event ID: na3nfjrnuvccepr9vb5f7beqp4
2025-09-07 02:00:20,443 - gcalendar.calendar_tools - INFO - 9620 - MainThread [calendar_tools.delete_event:770] - [delete_event] Attempting to delete event with ID: 'na3nfjrnuvccepr9vb5f7beqp4' in calendar 'primary'
2025-09-07 02:00:20,798 - gcalendar.calendar_tools - INFO - 9620 - MainThread [calendar_tools.delete_event:779] - [delete_event] Successfully verified event exists before deletion
2025-09-07 02:00:21,011 - gcalendar.calendar_tools - INFO - 9620 - MainThread [calendar_tools.delete_event:800] - Event deleted successfully for jcmeijers@gmail.com. ID: na3nfjrnuvccepr9vb5f7beqp4
2025-09-07 02:00:31,303 - mcp.server.lowlevel.server - INFO - 9620 - MainThread [server._handle_request:624] - Processing request of type CallToolRequest
2025-09-07 02:00:31,304 - auth.google_auth - INFO - 9620 - MainThread [google_auth.get_authenticated_google_service:802] - [delete_event] Attempting to get authenticated calendar service. Email: 'jcmeijers@gmail.com', Session: 'e6270cd4-077e-4f33-a008-e928faef8daa'
2025-09-07 02:00:31,305 - auth.google_auth - WARNING - 9620 - asyncio_0 [google_auth.save_credentials_to_session:142] - Could not save credentials to session store - no user email found for session: e6270cd4-077e-4f33-a008-e928faef8daa
2025-09-07 02:00:31,307 - auth.google_auth - INFO - 9620 - MainThread [google_auth.get_authenticated_google_service:866] - [delete_event] Successfully authenticated calendar service for user: jcmeijers@gmail.com
2025-09-07 02:00:31,307 - gcalendar.calendar_tools - INFO - 9620 - MainThread [calendar_tools.delete_event:765] - [delete_event] Invoked. Email: 'jcmeijers@gmail.com', Event ID: 1u5rjqr6qqb0flru3q9n4ffot0
2025-09-07 02:00:31,308 - gcalendar.calendar_tools - INFO - 9620 - MainThread [calendar_tools.delete_event:770] - [delete_event] Attempting to delete event with ID: '1u5rjqr6qqb0flru3q9n4ffot0' in calendar 'primary'
2025-09-07 02:00:31,661 - gcalendar.calendar_tools - INFO - 9620 - MainThread [calendar_tools.delete_event:779] - [delete_event] Successfully verified event exists before deletion
2025-09-07 02:00:31,840 - gcalendar.calendar_tools - INFO - 9620 - MainThread [calendar_tools.delete_event:800] - Event deleted successfully for jcmeijers@gmail.com. ID: 1u5rjqr6qqb0flru3q9n4ffot0
2025-09-07 02:00:40,977 - mcp.server.lowlevel.server - INFO - 9620 - MainThread [server._handle_request:624] - Processing request of type CallToolRequest
2025-09-07 02:00:40,979 - auth.google_auth - INFO - 9620 - MainThread [google_auth.get_authenticated_google_service:802] - [delete_event] Attempting to get authenticated calendar service. Email: 'jcmeijers@gmail.com', Session: 'e6270cd4-077e-4f33-a008-e928faef8daa'
2025-09-07 02:00:40,979 - auth.google_auth - WARNING - 9620 - asyncio_0 [google_auth.save_credentials_to_session:142] - Could not save credentials to session store - no user email found for session: e6270cd4-077e-4f33-a008-e928faef8daa
2025-09-07 02:00:40,982 - auth.google_auth - INFO - 9620 - MainThread [google_auth.get_authenticated_google_service:866] - [delete_event] Successfully authenticated calendar service for user: jcmeijers@gmail.com
2025-09-07 02:00:40,982 - gcalendar.calendar_tools - INFO - 9620 - MainThread [calendar_tools.delete_event:765] - [delete_event] Invoked. Email: 'jcmeijers@gmail.com', Event ID: 7krmho6s7ogvrgsbil3g9ckekc
2025-09-07 02:00:40,982 - gcalendar.calendar_tools - INFO - 9620 - MainThread [calendar_tools.delete_event:770] - [delete_event] Attempting to delete event with ID: '7krmho6s7ogvrgsbil3g9ckekc' in calendar 'primary'
2025-09-07 02:00:41,343 - gcalendar.calendar_tools - INFO - 9620 - MainThread [calendar_tools.delete_event:779] - [delete_event] Successfully verified event exists before deletion
2025-09-07 02:00:41,579 - gcalendar.calendar_tools - INFO - 9620 - MainThread [calendar_tools.delete_event:800] - Event deleted successfully for jcmeijers@gmail.com. ID: 7krmho6s7ogvrgsbil3g9ckekc
2025-09-07 02:00:50,702 - mcp.server.lowlevel.server - INFO - 9620 - MainThread [server._handle_request:624] - Processing request of type CallToolRequest
2025-09-07 02:00:50,702 - auth.google_auth - INFO - 9620 - MainThread [google_auth.get_authenticated_google_service:802] - [delete_event] Attempting to get authenticated calendar service. Email: 'jcmeijers@gmail.com', Session: 'e6270cd4-077e-4f33-a008-e928faef8daa'
2025-09-07 02:00:50,702 - auth.google_auth - WARNING - 9620 - asyncio_0 [google_auth.save_credentials_to_session:142] - Could not save credentials to session store - no user email found for session: e6270cd4-077e-4f33-a008-e928faef8daa
2025-09-07 02:00:50,710 - auth.google_auth - INFO - 9620 - MainThread [google_auth.get_authenticated_google_service:866] - [delete_event] Successfully authenticated calendar service for user: jcmeijers@gmail.com
2025-09-07 02:00:50,710 - gcalendar.calendar_tools - INFO - 9620 - MainThread [calendar_tools.delete_event:765] - [delete_event] Invoked. Email: 'jcmeijers@gmail.com', Event ID: 085vngkectf3nqofe8v3n2oms8
2025-09-07 02:00:50,710 - gcalendar.calendar_tools - INFO - 9620 - MainThread [calendar_tools.delete_event:770] - [delete_event] Attempting to delete event with ID: '085vngkectf3nqofe8v3n2oms8' in calendar 'primary'
2025-09-07 02:00:51,077 - gcalendar.calendar_tools - INFO - 9620 - MainThread [calendar_tools.delete_event:779] - [delete_event] Successfully verified event exists before deletion
2025-09-07 02:00:51,300 - gcalendar.calendar_tools - INFO - 9620 - MainThread [calendar_tools.delete_event:800] - Event deleted successfully for jcmeijers@gmail.com. ID: 085vngkectf3nqofe8v3n2oms8
2025-09-07 02:02:38,740 - mcp.server.lowlevel.server - INFO - 9620 - MainThread [server._handle_request:624] - Processing request of type CallToolRequest
2025-09-07 02:02:38,745 - auth.google_auth - INFO - 9620 - MainThread [google_auth.get_authenticated_google_service:802] - [create_event] Attempting to get authenticated calendar service. Email: 'jcmeijers@gmail.com', Session: 'e6270cd4-077e-4f33-a008-e928faef8daa'
2025-09-07 02:02:38,746 - auth.google_auth - WARNING - 9620 - asyncio_0 [google_auth.save_credentials_to_session:142] - Could not save credentials to session store - no user email found for session: e6270cd4-077e-4f33-a008-e928faef8daa
2025-09-07 02:02:38,748 - auth.google_auth - INFO - 9620 - MainThread [google_auth.get_authenticated_google_service:866] - [create_event] Successfully authenticated calendar service for user: jcmeijers@gmail.com
2025-09-07 02:02:38,748 - gcalendar.calendar_tools - INFO - 9620 - MainThread [calendar_tools.create_event:395] - [create_event] Invoked. Email: 'jcmeijers@gmail.com', Summary: COLOR 2 - LIGHT BLUE TEST?
2025-09-07 02:02:38,748 - gcalendar.calendar_tools - INFO - 9620 - MainThread [calendar_tools.create_event:398] - [create_event] Incoming attachments param: None
2025-09-07 02:02:39,245 - gcalendar.calendar_tools - INFO - 9620 - MainThread [calendar_tools.create_event:531] - Event created successfully for jcmeijers@gmail.com. ID: 52q1iqosr7fn9hvqtaqfhfpb5s, Link: https://www.google.com/calendar/event?eid=NTJxMWlxb3NyN2ZuOWh2cXRhcWZoZnBiNXMgamNtZWlqZXJzQG0
2025-09-07 02:02:47,805 - mcp.server.lowlevel.server - INFO - 9620 - MainThread [server._handle_request:624] - Processing request of type CallToolRequest
2025-09-07 02:02:47,812 - auth.google_auth - INFO - 9620 - MainThread [google_auth.get_authenticated_google_service:802] - [create_event] Attempting to get authenticated calendar service. Email: 'jcmeijers@gmail.com', Session: 'e6270cd4-077e-4f33-a008-e928faef8daa'
2025-09-07 02:02:47,812 - auth.google_auth - WARNING - 9620 - asyncio_0 [google_auth.save_credentials_to_session:142] - Could not save credentials to session store - no user email found for session: e6270cd4-077e-4f33-a008-e928faef8daa
2025-09-07 02:02:47,816 - auth.google_auth - INFO - 9620 - MainThread [google_auth.get_authenticated_google_service:866] - [create_event] Successfully authenticated calendar service for user: jcmeijers@gmail.com
2025-09-07 02:02:47,816 - gcalendar.calendar_tools - INFO - 9620 - MainThread [calendar_tools.create_event:395] - [create_event] Invoked. Email: 'jcmeijers@gmail.com', Summary: COLOR 3 - PURPLE TEST?
2025-09-07 02:02:47,817 - gcalendar.calendar_tools - INFO - 9620 - MainThread [calendar_tools.create_event:398] - [create_event] Incoming attachments param: None
2025-09-07 02:02:48,344 - gcalendar.calendar_tools - INFO - 9620 - MainThread [calendar_tools.create_event:531] - Event created successfully for jcmeijers@gmail.com. ID: 484b9kpuu4emq73pvqhlgb5f40, Link: https://www.google.com/calendar/event?eid=NDg0YjlrcHV1NGVtcTczcHZxaGxnYjVmNDAgamNtZWlqZXJzQG0
2025-09-07 02:02:54,391 - mcp.server.lowlevel.server - INFO - 9620 - MainThread [server._handle_request:624] - Processing request of type CallToolRequest
2025-09-07 02:02:54,402 - auth.google_auth - INFO - 9620 - MainThread [google_auth.get_authenticated_google_service:802] - [create_event] Attempting to get authenticated calendar service. Email: 'jcmeijers@gmail.com', Session: 'e6270cd4-077e-4f33-a008-e928faef8daa'
2025-09-07 02:02:54,402 - auth.google_auth - WARNING - 9620 - asyncio_0 [google_auth.save_credentials_to_session:142] - Could not save credentials to session store - no user email found for session: e6270cd4-077e-4f33-a008-e928faef8daa
2025-09-07 02:02:54,402 - auth.google_auth - INFO - 9620 - MainThread [google_auth.get_authenticated_google_service:866] - [create_event] Successfully authenticated calendar service for user: jcmeijers@gmail.com
2025-09-07 02:02:54,402 - gcalendar.calendar_tools - INFO - 9620 - MainThread [calendar_tools.create_event:395] - [create_event] Invoked. Email: 'jcmeijers@gmail.com', Summary: COLOR 5 - YELLOW TEST?
2025-09-07 02:02:54,402 - gcalendar.calendar_tools - INFO - 9620 - MainThread [calendar_tools.create_event:398] - [create_event] Incoming attachments param: None
2025-09-07 02:02:54,885 - gcalendar.calendar_tools - INFO - 9620 - MainThread [calendar_tools.create_event:531] - Event created successfully for jcmeijers@gmail.com. ID: 7mqonn57c5b7kcua9sbnlh311o, Link: https://www.google.com/calendar/event?eid=N21xb25uNTdjNWI3a2N1YTlzYm5saDMxMW8gamNtZWlqZXJzQG0
2025-09-07 02:03:02,289 - mcp.server.lowlevel.server - INFO - 9620 - MainThread [server._handle_request:624] - Processing request of type CallToolRequest
2025-09-07 02:03:02,296 - auth.google_auth - INFO - 9620 - MainThread [google_auth.get_authenticated_google_service:802] - [create_event] Attempting to get authenticated calendar service. Email: 'jcmeijers@gmail.com', Session: 'e6270cd4-077e-4f33-a008-e928faef8daa'
2025-09-07 02:03:02,297 - auth.google_auth - WARNING - 9620 - asyncio_0 [google_auth.save_credentials_to_session:142] - Could not save credentials to session store - no user email found for session: e6270cd4-077e-4f33-a008-e928faef8daa
2025-09-07 02:03:02,302 - auth.google_auth - INFO - 9620 - MainThread [google_auth.get_authenticated_google_service:866] - [create_event] Successfully authenticated calendar service for user: jcmeijers@gmail.com
2025-09-07 02:03:02,302 - gcalendar.calendar_tools - INFO - 9620 - MainThread [calendar_tools.create_event:395] - [create_event] Invoked. Email: 'jcmeijers@gmail.com', Summary: COLOR 10 - GREEN TEST?
2025-09-07 02:03:02,302 - gcalendar.calendar_tools - INFO - 9620 - MainThread [calendar_tools.create_event:398] - [create_event] Incoming attachments param: None
2025-09-07 02:03:02,858 - gcalendar.calendar_tools - INFO - 9620 - MainThread [calendar_tools.create_event:531] - Event created successfully for jcmeijers@gmail.com. ID: gh5v5tovi5geipi2c1opv3e8k4, Link: https://www.google.com/calendar/event?eid=Z2g1djV0b3ZpNWdlaXBpMmMxb3B2M2U4azQgamNtZWlqZXJzQG0
2025-09-07 02:03:10,757 - mcp.server.lowlevel.server - INFO - 9620 - MainThread [server._handle_request:624] - Processing request of type CallToolRequest
2025-09-07 02:03:10,770 - auth.google_auth - INFO - 9620 - MainThread [google_auth.get_authenticated_google_service:802] - [create_event] Attempting to get authenticated calendar service. Email: 'jcmeijers@gmail.com', Session: 'e6270cd4-077e-4f33-a008-e928faef8daa'
2025-09-07 02:03:10,770 - auth.google_auth - WARNING - 9620 - asyncio_0 [google_auth.save_credentials_to_session:142] - Could not save credentials to session store - no user email found for session: e6270cd4-077e-4f33-a008-e928faef8daa
2025-09-07 02:03:10,774 - auth.google_auth - INFO - 9620 - MainThread [google_auth.get_authenticated_google_service:866] - [create_event] Successfully authenticated calendar service for user: jcmeijers@gmail.com
2025-09-07 02:03:10,774 - gcalendar.calendar_tools - INFO - 9620 - MainThread [calendar_tools.create_event:395] - [create_event] Invoked. Email: 'jcmeijers@gmail.com', Summary: COLOR 11 - RED TEST?
2025-09-07 02:03:10,774 - gcalendar.calendar_tools - INFO - 9620 - MainThread [calendar_tools.create_event:398] - [create_event] Incoming attachments param: None
2025-09-07 02:03:11,280 - gcalendar.calendar_tools - INFO - 9620 - MainThread [calendar_tools.create_event:531] - Event created successfully for jcmeijers@gmail.com. ID: vk6hjurht3datudfd7uek27fpk, Link: https://www.google.com/calendar/event?eid=dms2aGp1cmh0M2RhdHVkZmQ3dWVrMjdmcGsgamNtZWlqZXJzQG0
2025-09-07 02:05:03,120 - mcp.server.lowlevel.server - INFO - 9620 - MainThread [server._handle_request:624] - Processing request of type CallToolRequest
2025-09-07 02:05:03,135 - auth.google_auth - INFO - 9620 - MainThread [google_auth.get_authenticated_google_service:802] - [create_event] Attempting to get authenticated calendar service. Email: 'jcmeijers@gmail.com', Session: 'e6270cd4-077e-4f33-a008-e928faef8daa'
2025-09-07 02:05:03,135 - auth.google_auth - WARNING - 9620 - asyncio_0 [google_auth.save_credentials_to_session:142] - Could not save credentials to session store - no user email found for session: e6270cd4-077e-4f33-a008-e928faef8daa
2025-09-07 02:05:03,139 - auth.google_auth - INFO - 9620 - MainThread [google_auth.get_authenticated_google_service:866] - [create_event] Successfully authenticated calendar service for user: jcmeijers@gmail.com
2025-09-07 02:05:03,139 - gcalendar.calendar_tools - INFO - 9620 - MainThread [calendar_tools.create_event:395] - [create_event] Invoked. Email: 'jcmeijers@gmail.com', Summary: DEFAULT COLOR - LIGHT BLUE?
2025-09-07 02:05:03,139 - gcalendar.calendar_tools - INFO - 9620 - MainThread [calendar_tools.create_event:398] - [create_event] Incoming attachments param: None
2025-09-07 02:05:03,642 - gcalendar.calendar_tools - INFO - 9620 - MainThread [calendar_tools.create_event:531] - Event created successfully for jcmeijers@gmail.com. ID: cgsf9a3oebvbe242rinfcgqflo, Link: https://www.google.com/calendar/event?eid=Y2dzZjlhM29lYnZiZTI0MnJpbmZjZ3FmbG8gamNtZWlqZXJzQG0
2025-09-07 02:10:12,181 - mcp.server.lowlevel.server - INFO - 9620 - MainThread [server._handle_request:624] - Processing request of type CallToolRequest
2025-09-07 02:10:12,185 - auth.google_auth - INFO - 9620 - MainThread [google_auth.get_authenticated_google_service:802] - [get_events] Attempting to get authenticated calendar service. Email: 'jcmeijers@gmail.com', Session: 'e6270cd4-077e-4f33-a008-e928faef8daa'
2025-09-07 02:10:12,186 - auth.google_auth - WARNING - 9620 - asyncio_0 [google_auth.save_credentials_to_session:142] - Could not save credentials to session store - no user email found for session: e6270cd4-077e-4f33-a008-e928faef8daa
2025-09-07 02:10:12,189 - auth.google_auth - INFO - 9620 - MainThread [google_auth.get_authenticated_google_service:866] - [get_events] Successfully authenticated calendar service for user: jcmeijers@gmail.com
2025-09-07 02:10:12,189 - gcalendar.calendar_tools - INFO - 9620 - MainThread [calendar_tools.get_events:224] - [get_events] Raw parameters - event_id: 'None', time_min: '2025-09-07T03:00:00+01:00', time_max: '2025-09-07T05:00:00+01:00', query: 'None', detailed: False
2025-09-07 02:10:12,189 - gcalendar.calendar_tools - INFO - 9620 - MainThread [calendar_tools._correct_time_format_for_api:111] - _correct_time_format_for_api: Processing time_min with value '2025-09-07T03:00:00+01:00'
2025-09-07 02:10:12,189 - gcalendar.calendar_tools - INFO - 9620 - MainThread [calendar_tools._correct_time_format_for_api:155] - time_min '2025-09-07T03:00:00+01:00' doesn't need formatting, using as is.
2025-09-07 02:10:12,189 - gcalendar.calendar_tools - INFO - 9620 - MainThread [calendar_tools.get_events:247] - time_min processing: original='2025-09-07T03:00:00+01:00', formatted='2025-09-07T03:00:00+01:00', effective='2025-09-07T03:00:00+01:00'
2025-09-07 02:10:12,189 - gcalendar.calendar_tools - INFO - 9620 - MainThread [calendar_tools._correct_time_format_for_api:111] - _correct_time_format_for_api: Processing time_max with value '2025-09-07T05:00:00+01:00'
2025-09-07 02:10:12,189 - gcalendar.calendar_tools - INFO - 9620 - MainThread [calendar_tools._correct_time_format_for_api:155] - time_max '2025-09-07T05:00:00+01:00' doesn't need formatting, using as is.
2025-09-07 02:10:12,189 - gcalendar.calendar_tools - INFO - 9620 - MainThread [calendar_tools.get_events:253] - time_max processing: original='2025-09-07T05:00:00+01:00', formatted='2025-09-07T05:00:00+01:00'
2025-09-07 02:10:12,189 - gcalendar.calendar_tools - INFO - 9620 - MainThread [calendar_tools.get_events:257] - [get_events] Final API parameters - calendarId: 'primary', timeMin: '2025-09-07T03:00:00+01:00', timeMax: '2025-09-07T05:00:00+01:00', maxResults: 25, query: 'None'
2025-09-07 02:10:12,656 - gcalendar.calendar_tools - INFO - 9620 - MainThread [calendar_tools.get_events:349] - Successfully retrieved 6 events for jcmeijers@gmail.com.
2025-09-07 02:10:20,759 - mcp.server.lowlevel.server - INFO - 9620 - MainThread [server._handle_request:624] - Processing request of type CallToolRequest
2025-09-07 02:10:20,759 - auth.google_auth - INFO - 9620 - MainThread [google_auth.get_authenticated_google_service:802] - [delete_event] Attempting to get authenticated calendar service. Email: 'jcmeijers@gmail.com', Session: 'e6270cd4-077e-4f33-a008-e928faef8daa'
2025-09-07 02:10:20,759 - auth.google_auth - WARNING - 9620 - asyncio_0 [google_auth.save_credentials_to_session:142] - Could not save credentials to session store - no user email found for session: e6270cd4-077e-4f33-a008-e928faef8daa
2025-09-07 02:10:20,770 - auth.google_auth - INFO - 9620 - MainThread [google_auth.get_authenticated_google_service:866] - [delete_event] Successfully authenticated calendar service for user: jcmeijers@gmail.com
2025-09-07 02:10:20,770 - gcalendar.calendar_tools - INFO - 9620 - MainThread [calendar_tools.delete_event:765] - [delete_event] Invoked. Email: 'jcmeijers@gmail.com', Event ID: 52q1iqosr7fn9hvqtaqfhfpb5s
2025-09-07 02:10:20,770 - gcalendar.calendar_tools - INFO - 9620 - MainThread [calendar_tools.delete_event:770] - [delete_event] Attempting to delete event with ID: '52q1iqosr7fn9hvqtaqfhfpb5s' in calendar 'primary'
2025-09-07 02:10:21,316 - gcalendar.calendar_tools - INFO - 9620 - MainThread [calendar_tools.delete_event:779] - [delete_event] Successfully verified event exists before deletion
2025-09-07 02:10:21,514 - gcalendar.calendar_tools - INFO - 9620 - MainThread [calendar_tools.delete_event:800] - Event deleted successfully for jcmeijers@gmail.com. ID: 52q1iqosr7fn9hvqtaqfhfpb5s
2025-09-07 02:10:26,077 - mcp.server.lowlevel.server - INFO - 9620 - MainThread [server._handle_request:624] - Processing request of type CallToolRequest
2025-09-07 02:10:26,078 - auth.google_auth - INFO - 9620 - MainThread [google_auth.get_authenticated_google_service:802] - [delete_event] Attempting to get authenticated calendar service. Email: 'jcmeijers@gmail.com', Session: 'e6270cd4-077e-4f33-a008-e928faef8daa'
2025-09-07 02:10:26,079 - auth.google_auth - WARNING - 9620 - asyncio_0 [google_auth.save_credentials_to_session:142] - Could not save credentials to session store - no user email found for session: e6270cd4-077e-4f33-a008-e928faef8daa
2025-09-07 02:10:26,081 - auth.google_auth - INFO - 9620 - MainThread [google_auth.get_authenticated_google_service:866] - [delete_event] Successfully authenticated calendar service for user: jcmeijers@gmail.com
2025-09-07 02:10:26,081 - gcalendar.calendar_tools - INFO - 9620 - MainThread [calendar_tools.delete_event:765] - [delete_event] Invoked. Email: 'jcmeijers@gmail.com', Event ID: 484b9kpuu4emq73pvqhlgb5f40
2025-09-07 02:10:26,081 - gcalendar.calendar_tools - INFO - 9620 - MainThread [calendar_tools.delete_event:770] - [delete_event] Attempting to delete event with ID: '484b9kpuu4emq73pvqhlgb5f40' in calendar 'primary'
2025-09-07 02:10:26,470 - gcalendar.calendar_tools - INFO - 9620 - MainThread [calendar_tools.delete_event:779] - [delete_event] Successfully verified event exists before deletion
2025-09-07 02:10:26,670 - gcalendar.calendar_tools - INFO - 9620 - MainThread [calendar_tools.delete_event:800] - Event deleted successfully for jcmeijers@gmail.com. ID: 484b9kpuu4emq73pvqhlgb5f40
2025-09-07 02:10:33,774 - mcp.server.lowlevel.server - INFO - 9620 - MainThread [server._handle_request:624] - Processing request of type CallToolRequest
2025-09-07 02:10:33,775 - auth.google_auth - INFO - 9620 - MainThread [google_auth.get_authenticated_google_service:802] - [delete_event] Attempting to get authenticated calendar service. Email: 'jcmeijers@gmail.com', Session: 'e6270cd4-077e-4f33-a008-e928faef8daa'
2025-09-07 02:10:33,776 - auth.google_auth - WARNING - 9620 - asyncio_0 [google_auth.save_credentials_to_session:142] - Could not save credentials to session store - no user email found for session: e6270cd4-077e-4f33-a008-e928faef8daa
2025-09-07 02:10:33,778 - auth.google_auth - INFO - 9620 - MainThread [google_auth.get_authenticated_google_service:866] - [delete_event] Successfully authenticated calendar service for user: jcmeijers@gmail.com
2025-09-07 02:10:33,778 - gcalendar.calendar_tools - INFO - 9620 - MainThread [calendar_tools.delete_event:765] - [delete_event] Invoked. Email: 'jcmeijers@gmail.com', Event ID: 7mqonn57c5b7kcua9sbnlh311o
2025-09-07 02:10:33,778 - gcalendar.calendar_tools - INFO - 9620 - MainThread [calendar_tools.delete_event:770] - [delete_event] Attempting to delete event with ID: '7mqonn57c5b7kcua9sbnlh311o' in calendar 'primary'
2025-09-07 02:10:34,126 - gcalendar.calendar_tools - INFO - 9620 - MainThread [calendar_tools.delete_event:779] - [delete_event] Successfully verified event exists before deletion
2025-09-07 02:10:34,331 - gcalendar.calendar_tools - INFO - 9620 - MainThread [calendar_tools.delete_event:800] - Event deleted successfully for jcmeijers@gmail.com. ID: 7mqonn57c5b7kcua9sbnlh311o
2025-09-07 02:10:39,977 - mcp.server.lowlevel.server - INFO - 9620 - MainThread [server._handle_request:624] - Processing request of type CallToolRequest
2025-09-07 02:10:39,979 - auth.google_auth - INFO - 9620 - MainThread [google_auth.get_authenticated_google_service:802] - [delete_event] Attempting to get authenticated calendar service. Email: 'jcmeijers@gmail.com', Session: 'e6270cd4-077e-4f33-a008-e928faef8daa'
2025-09-07 02:10:39,979 - auth.google_auth - WARNING - 9620 - asyncio_0 [google_auth.save_credentials_to_session:142] - Could not save credentials to session store - no user email found for session: e6270cd4-077e-4f33-a008-e928faef8daa
2025-09-07 02:10:39,981 - auth.google_auth - INFO - 9620 - MainThread [google_auth.get_authenticated_google_service:866] - [delete_event] Successfully authenticated calendar service for user: jcmeijers@gmail.com
2025-09-07 02:10:39,981 - gcalendar.calendar_tools - INFO - 9620 - MainThread [calendar_tools.delete_event:765] - [delete_event] Invoked. Email: 'jcmeijers@gmail.com', Event ID: gh5v5tovi5geipi2c1opv3e8k4
2025-09-07 02:10:39,981 - gcalendar.calendar_tools - INFO - 9620 - MainThread [calendar_tools.delete_event:770] - [delete_event] Attempting to delete event with ID: 'gh5v5tovi5geipi2c1opv3e8k4' in calendar 'primary'
2025-09-07 02:10:40,376 - gcalendar.calendar_tools - INFO - 9620 - MainThread [calendar_tools.delete_event:779] - [delete_event] Successfully verified event exists before deletion
2025-09-07 02:10:40,620 - gcalendar.calendar_tools - INFO - 9620 - MainThread [calendar_tools.delete_event:800] - Event deleted successfully for jcmeijers@gmail.com. ID: gh5v5tovi5geipi2c1opv3e8k4
2025-09-07 02:10:46,116 - mcp.server.lowlevel.server - INFO - 9620 - MainThread [server._handle_request:624] - Processing request of type CallToolRequest
2025-09-07 02:10:46,116 - auth.google_auth - INFO - 9620 - MainThread [google_auth.get_authenticated_google_service:802] - [delete_event] Attempting to get authenticated calendar service. Email: 'jcmeijers@gmail.com', Session: 'e6270cd4-077e-4f33-a008-e928faef8daa'
2025-09-07 02:10:46,118 - auth.google_auth - WARNING - 9620 - asyncio_0 [google_auth.save_credentials_to_session:142] - Could not save credentials to session store - no user email found for session: e6270cd4-077e-4f33-a008-e928faef8daa
2025-09-07 02:10:46,120 - auth.google_auth - INFO - 9620 - MainThread [google_auth.get_authenticated_google_service:866] - [delete_event] Successfully authenticated calendar service for user: jcmeijers@gmail.com
2025-09-07 02:10:46,120 - gcalendar.calendar_tools - INFO - 9620 - MainThread [calendar_tools.delete_event:765] - [delete_event] Invoked. Email: 'jcmeijers@gmail.com', Event ID: vk6hjurht3datudfd7uek27fpk
2025-09-07 02:10:46,120 - gcalendar.calendar_tools - INFO - 9620 - MainThread [calendar_tools.delete_event:770] - [delete_event] Attempting to delete event with ID: 'vk6hjurht3datudfd7uek27fpk' in calendar 'primary'
2025-09-07 02:10:46,462 - gcalendar.calendar_tools - INFO - 9620 - MainThread [calendar_tools.delete_event:779] - [delete_event] Successfully verified event exists before deletion
2025-09-07 02:10:46,679 - gcalendar.calendar_tools - INFO - 9620 - MainThread [calendar_tools.delete_event:800] - Event deleted successfully for jcmeijers@gmail.com. ID: vk6hjurht3datudfd7uek27fpk
2025-09-07 02:10:52,703 - mcp.server.lowlevel.server - INFO - 9620 - MainThread [server._handle_request:624] - Processing request of type CallToolRequest
2025-09-07 02:10:52,705 - auth.google_auth - INFO - 9620 - MainThread [google_auth.get_authenticated_google_service:802] - [delete_event] Attempting to get authenticated calendar service. Email: 'jcmeijers@gmail.com', Session: 'e6270cd4-077e-4f33-a008-e928faef8daa'
2025-09-07 02:10:52,706 - auth.google_auth - WARNING - 9620 - asyncio_0 [google_auth.save_credentials_to_session:142] - Could not save credentials to session store - no user email found for session: e6270cd4-077e-4f33-a008-e928faef8daa
2025-09-07 02:10:52,709 - auth.google_auth - INFO - 9620 - MainThread [google_auth.get_authenticated_google_service:866] - [delete_event] Successfully authenticated calendar service for user: jcmeijers@gmail.com
2025-09-07 02:10:52,709 - gcalendar.calendar_tools - INFO - 9620 - MainThread [calendar_tools.delete_event:765] - [delete_event] Invoked. Email: 'jcmeijers@gmail.com', Event ID: cgsf9a3oebvbe242rinfcgqflo
2025-09-07 02:10:52,709 - gcalendar.calendar_tools - INFO - 9620 - MainThread [calendar_tools.delete_event:770] - [delete_event] Attempting to delete event with ID: 'cgsf9a3oebvbe242rinfcgqflo' in calendar 'primary'
2025-09-07 02:10:53,085 - gcalendar.calendar_tools - INFO - 9620 - MainThread [calendar_tools.delete_event:779] - [delete_event] Successfully verified event exists before deletion
2025-09-07 02:10:53,293 - gcalendar.calendar_tools - INFO - 9620 - MainThread [calendar_tools.delete_event:800] - Event deleted successfully for jcmeijers@gmail.com. ID: cgsf9a3oebvbe242rinfcgqflo
2025-09-07 02:23:19,434 - auth.scopes - INFO - 40800 - MainThread [scopes.set_enabled_tools:150] - Enabled tools set for scope management: ['gmail', 'drive', 'calendar', 'docs', 'sheets', 'chat', 'forms', 'slides', 'tasks', 'search']
2025-09-07 02:23:19,435 - auth.scopes - INFO - 22004 - MainThread [scopes.set_enabled_tools:150] - Enabled tools set for scope management: ['gmail', 'drive', 'calendar', 'docs', 'sheets', 'chat', 'forms', 'slides', 'tasks', 'search']
2025-09-07 02:23:19,513 - core.utils - INFO - 22004 - MainThread [utils.check_credentials_directory_permissions:50] - Credentials directory permissions check passed: C:\Users\jcmei\.google_workspace_mcp\credentials
2025-09-07 02:23:19,515 - auth.oauth_callback_server - INFO - 22004 - MainThread [oauth_callback_server.ensure_oauth_callback_available:207] - Creating minimal OAuth server instance for http://localhost:8000
2025-09-07 02:23:19,515 - auth.oauth_callback_server - INFO - 22004 - MainThread [oauth_callback_server.ensure_oauth_callback_available:211] - Starting minimal OAuth server for stdio mode
2025-09-07 02:23:19,516 - core.utils - INFO - 40800 - MainThread [utils.check_credentials_directory_permissions:50] - Credentials directory permissions check passed: C:\Users\jcmei\.google_workspace_mcp\credentials
2025-09-07 02:23:19,516 - auth.oauth_callback_server - INFO - 40800 - MainThread [oauth_callback_server.ensure_oauth_callback_available:207] - Creating minimal OAuth server instance for http://localhost:8000
2025-09-07 02:23:19,516 - auth.oauth_callback_server - INFO - 40800 - MainThread [oauth_callback_server.ensure_oauth_callback_available:211] - Starting minimal OAuth server for stdio mode
2025-09-07 02:23:20,023 - auth.oauth_callback_server - INFO - 22004 - MainThread [oauth_callback_server.start:149] - Minimal OAuth server started on localhost:8000
2025-09-07 02:23:20,024 - auth.oauth_callback_server - INFO - 40800 - MainThread [oauth_callback_server.start:149] - Minimal OAuth server started on localhost:8000
2025-09-07 02:23:20,024 - auth.oauth_callback_server - INFO - 40800 - MainThread [oauth_callback_server.ensure_oauth_callback_available:214] - Minimal OAuth server successfully started on http://localhost:8000
2025-09-07 02:23:20,024 - auth.oauth_callback_server - INFO - 22004 - MainThread [oauth_callback_server.ensure_oauth_callback_available:214] - Minimal OAuth server successfully started on http://localhost:8000
2025-09-07 02:23:20,041 - mcp.server.lowlevel.server - INFO - 40800 - MainThread [server._handle_request:624] - Processing request of type ListToolsRequest
2025-09-07 02:23:20,044 - mcp.server.lowlevel.server - INFO - 40800 - MainThread [server._handle_request:624] - Processing request of type ListPromptsRequest
2025-09-07 02:23:20,046 - mcp.server.lowlevel.server - INFO - 40800 - MainThread [server._handle_request:624] - Processing request of type ListResourcesRequest
2025-09-07 02:23:20,049 - mcp.server.lowlevel.server - INFO - 22004 - MainThread [server._handle_request:624] - Processing request of type ListToolsRequest
2025-09-07 02:23:20,054 - mcp.server.lowlevel.server - INFO - 22004 - MainThread [server._handle_request:624] - Processing request of type ListPromptsRequest
2025-09-07 02:23:20,057 - mcp.server.lowlevel.server - INFO - 22004 - MainThread [server._handle_request:624] - Processing request of type ListResourcesRequest
